Archive member included to satisfy reference by file (symbol)

/opt/devkitpro/libnds/lib/libnds9.a(background.o)
                              main.o (bgTransform)
/opt/devkitpro/libnds/lib/libnds9.a(trig.o)
                              /opt/devkitpro/libnds/lib/libnds9.a(background.o) (sinLerp)
/opt/devkitpro/libnds/lib/libnds9.a(touch.o)
                              main.o (touchRead)
/opt/devkitpro/libnds/lib/libnds9.a(sprite_alloc.o)
                              main.o (oamAllocateGfx)
/opt/devkitpro/libnds/lib/libnds9.a(console.o)
                              main.o (consoleDemoInit)
/opt/devkitpro/libnds/lib/libnds9.a(videoGL.o)
                              main.o (glGlobalData)
/opt/devkitpro/libnds/lib/libnds9.a(sprite.o)
                              main.o (oamInit)
/opt/devkitpro/libnds/lib/libnds9.a(keys.o)
                              main.o (scanKeys)
/opt/devkitpro/libnds/lib/libnds9.a(initSystem.o)
                              /opt/devkitpro/devkitARM/bin/../lib/gcc/arm-none-eabi/13.2.0/../../../../arm-none-eabi/lib/thumb/ds_arm9_crt0.o (initSystem)
/opt/devkitpro/libnds/lib/libnds9.a(securearea.o)
                              /opt/devkitpro/devkitARM/bin/../lib/gcc/arm-none-eabi/13.2.0/../../../../arm-none-eabi/lib/thumb/ds_arm9_crt0.o (__secure_area__)
/opt/devkitpro/libnds/lib/libnds9.a(interrupts.o)
                              main.o (irqSet)
/opt/devkitpro/libnds/lib/libnds9.a(libnds_exit.arm.o)
                              /opt/devkitpro/devkitARM/bin/../lib/gcc/arm-none-eabi/13.2.0/../../../../arm-none-eabi/lib/thumb/ds_arm9_crt0.o (__libnds_exit)
/opt/devkitpro/libnds/lib/libnds9.a(fifosystem.o)
                              /opt/devkitpro/libnds/lib/libnds9.a(initSystem.o) (fifoSetValue32Handler)
/opt/devkitpro/libnds/lib/libnds9.a(dcache.o)
                              /opt/devkitpro/libnds/lib/libnds9.a(sprite.o) (DC_FlushRange)
/opt/devkitpro/libnds/lib/libnds9.a(mpu_setup.o)
                              /opt/devkitpro/devkitARM/bin/../lib/gcc/arm-none-eabi/13.2.0/../../../../arm-none-eabi/lib/thumb/ds_arm9_crt0.o (__libnds_mpu_setup)
/opt/devkitpro/libnds/lib/libnds9.a(IntrWait.o)
                              main.o (swiWaitForVBlank)
/opt/devkitpro/libnds/lib/libnds9.a(cpu_clock.o)
                              /opt/devkitpro/libnds/lib/libnds9.a(initSystem.o) (setCpuClock)
/opt/devkitpro/libnds/lib/libnds9.a(interruptDispatcher.o)
                              /opt/devkitpro/libnds/lib/libnds9.a(interrupts.o) (IntrMain)
/opt/devkitpro/libnds/lib/libnds9.a(biosCalls.o)
                              main.o (swiCopy)
/opt/devkitpro/libnds/lib/libnds9.a(debugprint.o)
                              /opt/devkitpro/libnds/lib/libnds9.a(console.o) (nocashWrite)
/opt/devkitpro/libnds/lib/libnds9.a(swiSoftReset.o)
                              /opt/devkitpro/libnds/lib/libnds9.a(fifosystem.o) (swiSoftReset)
/opt/devkitpro/libnds/lib/libnds9.a(default_font.bin.o)
                              /opt/devkitpro/libnds/lib/libnds9.a(console.o) (default_font_bin)
/opt/devkitpro/libnds/lib/libnds9.a(dynamicArray.o)
                              /opt/devkitpro/libnds/lib/libnds9.a(videoGL.o) (DynamicArrayInit)
/opt/devkitpro/libnds/lib/libnds9.a(video.o)
                              /opt/devkitpro/libnds/lib/libnds9.a(videoGL.o) (vramSetBanks_EFG)
/opt/devkitpro/libnds/lib/libnds9.a(system.o)
                              /opt/devkitpro/libnds/lib/libnds9.a(initSystem.o) (systemValueHandler)
/opt/devkitpro/libnds/lib/libmm9.a(mm_comms.o)
                              main.o (mmStart)
/opt/devkitpro/libnds/lib/libmm9.a(mm_memory.o)
                              main.o (mmLoad)
/opt/devkitpro/libnds/lib/libmm9.a(mm_main9.o)
                              /opt/devkitpro/libnds/lib/libmm9.a(mm_memory.o) (mmcbMemory)
/opt/devkitpro/libnds/lib/libmm9.a(mm_soundbank.o)
                              /opt/devkitpro/libnds/lib/libmm9.a(mm_main9.o) (mmSoundBankInMemory)
/opt/devkitpro/libnds/lib/libmm9.a(mm_flusher.o)
                              /opt/devkitpro/libnds/lib/libmm9.a(mm_memory.o) (mmFlushBank)
/opt/devkitpro/devkitARM/bin/../lib/gcc/arm-none-eabi/13.2.0/thumb/libgcc.a(_divsi3.o)
                              main.o (__aeabi_idiv)
/opt/devkitpro/devkitARM/bin/../lib/gcc/arm-none-eabi/13.2.0/thumb/libgcc.a(_dvmd_tls.o)
                              /opt/devkitpro/devkitARM/bin/../lib/gcc/arm-none-eabi/13.2.0/thumb/libgcc.a(_divsi3.o) (__aeabi_idiv0)
/opt/devkitpro/devkitARM/bin/../lib/gcc/arm-none-eabi/13.2.0/thumb/libgcc.a(_muldi3.o)
                              /opt/devkitpro/libnds/lib/libnds9.a(videoGL.o) (__aeabi_lmul)
/opt/devkitpro/devkitARM/bin/../lib/gcc/arm-none-eabi/13.2.0/../../../../arm-none-eabi/lib/thumb/libg.a(libc_a-bsearch.o)
                              /opt/devkitpro/libnds/lib/libnds9.a(trig.o) (bsearch)
/opt/devkitpro/devkitARM/bin/../lib/gcc/arm-none-eabi/13.2.0/../../../../arm-none-eabi/lib/thumb/libg.a(libc_a-siscanf.o)
[...]
Memory Configuration

Name             Origin             Length             Attributes
ewram            0x02000000         0x00380000
dtcm             0x02ff0000         0x00004000
vectors          0x01000000         0x00000100
itcm             0x01000100         0x00007f00
*default*        0x00000000         0xffffffff

Linker script and memory map

                0x02380000                        __ewram_end = (ORIGIN (ewram) + LENGTH (ewram))
                0x02380000                        __eheap_end = (ORIGIN (ewram) + LENGTH (ewram))
                0x02ff4000                        __dtcm_top = (ORIGIN (dtcm) + LENGTH (dtcm))
                0x02ff3ff8                        __irq_flags = (__dtcm_top - 0x8)
                0x02ff3ffc                        __irq_vector = (__dtcm_top - 0x4)
                0x02ff3f00                        __sp_svc = (__dtcm_top - 0x100)
                0x02ff3e00                        __sp_irq = (__sp_svc - 0x100)
                0x02ff3d00                        __sp_usr = (__sp_irq - 0x100)

.secure         0x02000000      0x800
 *(.secure)
 .secure        0x02000000      0x800 /opt/devkitpro/libnds/lib/libnds9.a(securearea.o)
                0x02000000                __secure_area__

.crt0           0x02000800      0x300
                0x02000800                        __text_start = .
 *(.crt0)
 .crt0          0x02000800      0x300 /opt/devkitpro/devkitARM/bin/../lib/gcc/arm-none-eabi/13.2.0/../../../../arm-none-eabi/lib/thumb/ds_arm9_crt0.o
                0x02000800                _start
                0x02000b00                        . = ALIGN (0x4)

.plt
 *(.plt)

.init           0x02000b00        0xc
 *(SORT_NONE(.init))
 .init          0x02000b00        0x4 /opt/devkitpro/devkitARM/bin/../lib/gcc/arm-none-eabi/13.2.0/thumb/crti.o
                0x02000b00                _init
 .init          0x02000b04        0x8 /opt/devkitpro/devkitARM/bin/../lib/gcc/arm-none-eabi/13.2.0/thumb/crtn.o

.text           0x02000b10     0x8d08
 *(EXCLUDE_FILE(*.twl* *.vectors* *.itcm*) .text)
 .text          0x02000b10      0x900 main.o
                0x02000b10                timer_ISR
                0x02000b64                printDigit
                0x02000bf2                updateChronoDisp
                0x02000e58                setup_timer
                0x02000ea8                configureSprites
                0x02000f0c                main
 .text          0x02001410      0x24c /opt/devkitpro/libnds/lib/libmm9.a(mm_comms.o)
                0x02001410                mmSetupComms
                0x02001462                mmSendBank
                0x0200146c                mmLockChannels
                0x02001472                mmUnlockChannels
                0x02001478                mmStart
                0x02001482                mmPause
                0x02001486                mmResume
                0x0200148a                mmStop
                0x0200148e                mmPosition
                0x02001492                mmJingle
                0x02001496                mmSetModuleVolume
                0x0200149a                mmSetJingleVolume
                0x0200149e                mmSetModuleTempo
                0x020014a2                mmSetModulePitch
                0x020014a6                mmSetEffectsVolume
                0x020014aa                mmSelectMode
                0x020014ae                mmStreamBegin
                0x020014c2                mmStreamEnd
                0x02001518                mmEffect
                0x0200153c                mmEffectVolume
                0x02001540                mmEffectPanning
                0x02001544                mmEffectRate
                0x0200154e                mmEffectScaleRate
                0x02001558                mmEffectRelease
                0x0200155e                mmEffectCancel
                0x02001564                mmEffectEx
                0x020015a2                mmEffectCancelAll
                0x020015a6                mmReverbEnable
                0x020015aa                mmReverbDisable
                0x020015ae                mmReverbConfigure
                0x0200160a                mmReverbStart
                0x0200160e                mmReverbStop
 .text          0x0200165c      0x120 /opt/devkitpro/libnds/lib/libmm9.a(mm_memory.o)
                0x0200165c                mmLoad
                0x020016ac                mmUnload
                0x02001704                mmLoadEffect
                0x0200173c                mmUnloadEffect
 .text          0x0200177c      0x108 /opt/devkitpro/libnds/lib/libmm9.a(mm_main9.o)
                0x0200177c                mmActive
                0x02001782                mmSetEventHandler
                0x02001788                mmInit
                0x020017b2                mmInitDefault
                0x020017fc                mmInitDefaultMem
                0x0200181e                mmSuspendIRQ_t
                0x0200183c                mmRestoreIRQ_t
 .text          0x02001884      0x100 /opt/devkitpro/libnds/lib/libmm9.a(mm_soundbank.o)
                0x02001884                mmSoundBankInMemory
                0x0200188c                mmSoundBankInFiles
                0x0200189e                mmSetCustomSoundBankHandler
                0x020018ca                mmsHandleFileOp
 .text          0x02001984       0x3c /opt/devkitpro/libnds/lib/libmm9.a(mm_flusher.o)
                0x02001984                mmFlushBank
 .text          0x020019c0      0x150 /opt/devkitpro/devkitARM/bin/../lib/gcc/arm-none-eabi/13.2.0/thumb/libgcc.a(_divsi3.o)
                0x020019c0                __aeabi_idiv
                0x020019c0                __divsi3
                0x02001af0                __aeabi_idivmod
 .text          0x02001b10        0x4 /opt/devkitpro/devkitARM/bin/../lib/gcc/arm-none-eabi/13.2.0/thumb/libgcc.a(_dvmd_tls.o)
                0x02001b10                __aeabi_ldiv0
                0x02001b10                __aeabi_idiv0
 .text          0x02001b14       0x14 /opt/devkitpro/devkitARM/bin/../lib/gcc/arm-none-eabi/13.2.0/thumb/libgcc.a(_thumb1_case_uqi.o)
                0x02001b14                __gnu_thumb1_case_uqi
 .text          0x02001b28       0x14 /opt/devkitpro/devkitARM/bin/../lib/gcc/arm-none-eabi/13.2.0/thumb/libgcc.a(_thumb1_case_uhi.o)
                0x02001b28                __gnu_thumb1_case_uhi
 .text          0x02001b3c      0x11c /opt/devkitpro/devkitARM/bin/../lib/gcc/arm-none-eabi/13.2.0/thumb/libgcc.a(_udivsi3.o)
                0x02001b3c                __udivsi3
                0x02001b3c                __aeabi_uidiv
                0x02001c38                __aeabi_uidivmod
 .text          0x02001c58       0x3c /opt/devkitpro/devkitARM/bin/../lib/gcc/arm-none-eabi/13.2.0/thumb/libgcc.a(_aeabi_uldivmod.o)
                0x02001c58                __aeabi_uldivmod
 .text          0x02001c94       0x28 /opt/devkitpro/devkitARM/bin/../lib/gcc/arm-none-eabi/13.2.0/thumb/libgcc.a(_clzdi2.o)
                0x02001c94                __clzdi2
 .text          0x02001cbc       0x48 /opt/devkitpro/devkitARM/bin/../lib/gcc/arm-none-eabi/13.2.0/thumb/libgcc.a(_clzsi2.o)
                0x02001cbc                __clzsi2
 *(EXCLUDE_FILE(*.twl* *.vectors* *.itcm*) .stub)
 *(EXCLUDE_FILE(*.twl* *.vectors* *.itcm*) .text.*)
 .text.__do_global_dtors_aux
                0x02001d04       0x2c /opt/devkitpro/devkitARM/bin/../lib/gcc/arm-none-eabi/13.2.0/thumb/crtbegin.o
 .text.frame_dummy
                0x02001d30       0x24 /opt/devkitpro/devkitARM/bin/../lib/gcc/arm-none-eabi/13.2.0/thumb/crtbegin.o
 .text.checkIfText
                0x02001d54       0x5c /opt/devkitpro/libnds/lib/libnds9.a(background.o)
                0x02001d54                checkIfText
 .text.bgUpdate
                0x02001db0       0xf4 /opt/devkitpro/libnds/lib/libnds9.a(background.o)
                0x02001db0                bgUpdate
 .text.bgInit_call
                0x02001ea4       0xc4 /opt/devkitpro/libnds/lib/libnds9.a(background.o)
                0x02001ea4                bgInit_call
 .text.bgInitSub_call
                0x02001f68       0xcc /opt/devkitpro/libnds/lib/libnds9.a(background.o)
                0x02001f68                bgInitSub_call
 .text.sinLutLookup
                0x02002034       0x4c /opt/devkitpro/libnds/lib/libnds9.a(trig.o)
                0x02002034                sinLutLookup
 .text.sinLerp  0x02002080       0x40 /opt/devkitpro/libnds/lib/libnds9.a(trig.o)
                0x02002080                sinLerp
 .text.cosLerp  0x020020c0       0x4c /opt/devkitpro/libnds/lib/libnds9.a(trig.o)
                0x020020c0                cosLerp
 .text.touchRead
                0x0200210c       0x24 /opt/devkitpro/libnds/lib/libnds9.a(touch.o)
                0x0200210c                touchRead
 .text.oamAllocReset
                0x02002130       0x1c /opt/devkitpro/libnds/lib/libnds9.a(sprite_alloc.o)
                0x02002130                oamAllocReset
 .text.oamAllocateGfx
                0x0200214c      0x50c /opt/devkitpro/libnds/lib/libnds9.a(sprite_alloc.o)
                0x0200214c                oamAllocateGfx
 .text.newRow   0x02002658       0xa8 /opt/devkitpro/libnds/lib/libnds9.a(console.o)
 .text.consolePrintChar
                0x02002700       0xe0 /opt/devkitpro/libnds/lib/libnds9.a(console.o)
                0x02002700                consolePrintChar
 .text.con_write
                0x020027e0      0x36c /opt/devkitpro/libnds/lib/libnds9.a(console.o)
                0x020027e0                con_write
 .text.consoleLoadFont
                0x02002b4c      0x2a0 /opt/devkitpro/libnds/lib/libnds9.a(console.o)
                0x02002b4c                consoleLoadFont
 .text.consoleInit
                0x02002dec      0x18c /opt/devkitpro/libnds/lib/libnds9.a(console.o)
                0x02002dec                consoleInit
 .text.consoleDemoInit
                0x02002f78       0x40 /opt/devkitpro/libnds/lib/libnds9.a(console.o)
                0x02002f78                consoleDemoInit
 .text.oamInit  0x02002fb8      0x114 /opt/devkitpro/libnds/lib/libnds9.a(sprite.o)
                0x02002fb8                oamInit
 .text.oamGetGfxPtr
                0x020030cc       0x38 /opt/devkitpro/libnds/lib/libnds9.a(sprite.o)
                0x020030cc                oamGetGfxPtr
 .text.oamGfxPtrToOffset
                0x02003104       0x34 /opt/devkitpro/libnds/lib/libnds9.a(sprite.o)
                0x02003104                oamGfxPtrToOffset
 .text.oamSet   0x02003138      0x104 /opt/devkitpro/libnds/lib/libnds9.a(sprite.o)
                0x02003138                oamSet
 .text.oamUpdate
                0x0200323c       0x60 /opt/devkitpro/libnds/lib/libnds9.a(sprite.o)
                0x0200323c                oamUpdate
 .text.scanKeys
                0x0200329c       0x8c /opt/devkitpro/libnds/lib/libnds9.a(keys.o)
                0x0200329c                scanKeys
 .text.keysHeld
                0x02003328        0xc /opt/devkitpro/libnds/lib/libnds9.a(keys.o)
                0x02003328                keysHeld
 .text.keysDown
                0x02003334       0x14 /opt/devkitpro/libnds/lib/libnds9.a(keys.o)
                0x02003334                keysDown
 .text.initSystem
                0x02003348      0x180 /opt/devkitpro/libnds/lib/libnds9.a(initSystem.o)
                0x02003348                initSystem
 .text.irqDummy
                0x020034c8        0x4 /opt/devkitpro/libnds/lib/libnds9.a(interrupts.o)
                0x020034c8                irqDummy
 .text.irqSet   0x020034cc       0x6c /opt/devkitpro/libnds/lib/libnds9.a(interrupts.o)
                0x020034cc                irqSet
 .text.irqInit  0x02003538       0x50 /opt/devkitpro/libnds/lib/libnds9.a(interrupts.o)
                0x02003538                irqInit
 .text.irqEnable
                0x02003588       0x64 /opt/devkitpro/libnds/lib/libnds9.a(interrupts.o)
                0x02003588                irqEnable
 .text.systemErrorExit
                0x020035ec        0x4 /opt/devkitpro/libnds/lib/libnds9.a(libnds_exit.arm.o)
                0x020035ec                systemErrorExit
 .text.__libnds_exit
                0x020035f0       0x5c /opt/devkitpro/libnds/lib/libnds9.a(libnds_exit.arm.o)
                0x020035f0                __libnds_exit
 .text.fifo_queueBlock
                0x0200364c       0x44 /opt/devkitpro/libnds/lib/libnds9.a(fifosystem.o)
 .text.fifo_waitBlock
                0x02003690       0x80 /opt/devkitpro/libnds/lib/libnds9.a(fifosystem.o)
 .text.fifoInternalSend.part.0
                0x02003710       0xd4 /opt/devkitpro/libnds/lib/libnds9.a(fifosystem.o)
 .text.fifoInternalSendInterrupt
                0x020037e4       0xb0 /opt/devkitpro/libnds/lib/libnds9.a(fifosystem.o)
 .text.fifoSetValue32Handler
                0x02003894       0xd4 /opt/devkitpro/libnds/lib/libnds9.a(fifosystem.o)
                0x02003894                fifoSetValue32Handler
 .text.fifoSendValue32
                0x02003968       0x4c /opt/devkitpro/libnds/lib/libnds9.a(fifosystem.o)
                0x02003968                fifoSendValue32
 .text.fifoSendDatamsg
                0x020039b4       0x90 /opt/devkitpro/libnds/lib/libnds9.a(fifosystem.o)
                0x020039b4                fifoSendDatamsg
 .text.fifoGetDatamsg
                0x02003a44       0xf4 /opt/devkitpro/libnds/lib/libnds9.a(fifosystem.o)
                0x02003a44                fifoGetDatamsg
 .text.fifoInternalRecvInterrupt
                0x02003b38      0x37c /opt/devkitpro/libnds/lib/libnds9.a(fifosystem.o)
 .text.fifoSetDatamsgHandler
                0x02003eb4       0x9c /opt/devkitpro/libnds/lib/libnds9.a(fifosystem.o)
                0x02003eb4                fifoSetDatamsgHandler
 .text.fifoInit
                0x02003f50      0x108 /opt/devkitpro/libnds/lib/libnds9.a(fifosystem.o)
                0x02003f50                fifoInit
 .text.DC_FlushRange
                0x02004058       0x24 /opt/devkitpro/libnds/lib/libnds9.a(dcache.o)
                0x02004058                DC_FlushRange
 .text.__libnds_mpu_setup
                0x0200407c      0x174 /opt/devkitpro/libnds/lib/libnds9.a(mpu_setup.o)
                0x0200407c                __libnds_mpu_setup
 .text.memUncached
                0x020041f0       0x20 /opt/devkitpro/libnds/lib/libnds9.a(mpu_setup.o)
                0x020041f0                memUncached
 .text.swiWaitForVBlank
                0x02004210        0x8 /opt/devkitpro/libnds/lib/libnds9.a(IntrWait.o)
                0x02004210                swiWaitForVBlank
 .text.swiIntrWait
                0x02004218       0x70 /opt/devkitpro/libnds/lib/libnds9.a(IntrWait.o)
                0x02004218                swiIntrWait
 .text.setCpuClock
                0x02004288       0x50 /opt/devkitpro/libnds/lib/libnds9.a(cpu_clock.o)
                0x02004288                setCpuClock
 .text.swiDelay
                0x020042d8        0x4 /opt/devkitpro/libnds/lib/libnds9.a(biosCalls.o)
                0x020042d8                swiDelay
 .text.swiCopy  0x020042dc        0x4 /opt/devkitpro/libnds/lib/libnds9.a(biosCalls.o)
                0x020042dc                swiCopy
 .text.swiSoftReset
                0x020042e0       0x2c /opt/devkitpro/libnds/lib/libnds9.a(swiSoftReset.o)
                0x020042e0                swiSoftReset
 .text.vramDefault
                0x0200430c       0xd0 /opt/devkitpro/libnds/lib/libnds9.a(video.o)
                0x0200430c                vramDefault
 .text.systemValueHandler
                0x020043dc       0x48 /opt/devkitpro/libnds/lib/libnds9.a(system.o)
                0x020043dc                systemValueHandler
 .text.systemMsgHandler
                0x02004424       0x60 /opt/devkitpro/libnds/lib/libnds9.a(system.o)
                0x02004424                systemMsgHandler
 .text.powerOn  0x02004484       0x2c /opt/devkitpro/libnds/lib/libnds9.a(system.o)
                0x02004484                powerOn
 .text.__muldi3
                0x020044b0       0x64 /opt/devkitpro/devkitARM/bin/../lib/gcc/arm-none-eabi/13.2.0/thumb/libgcc.a(_muldi3.o)
                0x020044b0                __aeabi_lmul
                0x020044b0                __muldi3
 .text.siscanf  0x02004514       0x4c /opt/devkitpro/devkitARM/bin/../lib/gcc/arm-none-eabi/13.2.0/../../../../arm-none-eabi/lib/thumb/libg.a(libc_a-siscanf.o)
                0x02004514                siscanf
 .text.setvbuf  0x02004560      0x1a4 /opt/devkitpro/devkitARM/bin/../lib/gcc/arm-none-eabi/13.2.0/../../../../arm-none-eabi/lib/thumb/libg.a(libc_a-setvbuf.o)
                0x02004560                setvbuf
 .text.get_arg  0x02004704       0x3e /opt/devkitpro/devkitARM/bin/../lib/gcc/arm-none-eabi/13.2.0/../../../../arm-none-eabi/lib/thumb/libg.a(libc_a-svfiscanf.o)
 .text._sungetc_r
                0x02004742       0x7e /opt/devkitpro/devkitARM/bin/../lib/gcc/arm-none-eabi/13.2.0/../../../../arm-none-eabi/lib/thumb/libg.a(libc_a-svfiscanf.o)
                0x02004742                _sungetc_r
 .text.__ssrefill_r
                0x020047c0       0x42 /opt/devkitpro/devkitARM/bin/../lib/gcc/arm-none-eabi/13.2.0/../../../../arm-none-eabi/lib/thumb/libg.a(libc_a-svfiscanf.o)
                0x020047c0                __ssrefill_r
 .text._sfread_r
                0x02004802       0x88 /opt/devkitpro/devkitARM/bin/../lib/gcc/arm-none-eabi/13.2.0/../../../../arm-none-eabi/lib/thumb/libg.a(libc_a-svfiscanf.o)
                0x02004802                _sfread_r
 *fill*         0x0200488a        0x2 ff
 .text.__ssvfiscanf_r
                0x0200488c     0x1ac4 /opt/devkitpro/devkitARM/bin/../lib/gcc/arm-none-eabi/13.2.0/../../../../arm-none-eabi/lib/thumb/libg.a(libc_a-svfiscanf.o)
                0x0200488c                __ssvfiscanf_r
 .text._malloc_trim_r
                0x02006350       0xac /opt/devkitpro/devkitARM/bin/../lib/gcc/arm-none-eabi/13.2.0/../../../../arm-none-eabi/lib/thumb/libg.a(libc_a-freer.o)
                0x02006350                _malloc_trim_r
 .text._free_r  0x020063fc      0x1d8 /opt/devkitpro/devkitARM/bin/../lib/gcc/arm-none-eabi/13.2.0/../../../../arm-none-eabi/lib/thumb/libg.a(libc_a-freer.o)
                0x020063fc                _free_r
 .text._fclose_r
                0x020065d4       0xd8 /opt/devkitpro/devkitARM/bin/../lib/gcc/arm-none-eabi/13.2.0/../../../../arm-none-eabi/lib/thumb/libg.a(libc_a-fclose.o)
                0x020065d4                _fclose_r
 .text.fclose   0x020066ac       0x14 /opt/devkitpro/devkitARM/bin/../lib/gcc/arm-none-eabi/13.2.0/../../../../arm-none-eabi/lib/thumb/libg.a(libc_a-fclose.o)
                0x020066ac                fclose
 .text.malloc   0x020066c0       0x14 /opt/devkitpro/devkitARM/bin/../lib/gcc/arm-none-eabi/13.2.0/../../../../arm-none-eabi/lib/thumb/libg.a(libc_a-malloc.o)
                0x020066c0                malloc
 .text.free     0x020066d4       0x14 /opt/devkitpro/devkitARM/bin/../lib/gcc/arm-none-eabi/13.2.0/../../../../arm-none-eabi/lib/thumb/libg.a(libc_a-malloc.o)
                0x020066d4                free
 .text._malloc_r
                0x020066e8      0x558 /opt/devkitpro/devkitARM/bin/../lib/gcc/arm-none-eabi/13.2.0/../../../../arm-none-eabi/lib/thumb/libg.a(libc_a-mallocr.o)
                0x020066e8                _malloc_r
 .text.memset   0x02006c40       0xb0 /opt/devkitpro/devkitARM/bin/../lib/gcc/arm-none-eabi/13.2.0/../../../../arm-none-eabi/lib/thumb/libg.a(libc_a-memset.o)
                0x02006c40                memset
 .text.__malloc_lock
                0x02006cf0       0x14 /opt/devkitpro/devkitARM/bin/../lib/gcc/arm-none-eabi/13.2.0/../../../../arm-none-eabi/lib/thumb/libg.a(libc_a-mlock.o)
                0x02006cf0                __malloc_lock
 .text.__malloc_unlock
                0x02006d04       0x14 /opt/devkitpro/devkitARM/bin/../lib/gcc/arm-none-eabi/13.2.0/../../../../arm-none-eabi/lib/thumb/libg.a(libc_a-mlock.o)
                0x02006d04                __malloc_unlock
 .text.strlen   0x02006d18       0x60 /opt/devkitpro/devkitARM/bin/../lib/gcc/arm-none-eabi/13.2.0/../../../../arm-none-eabi/lib/thumb/libg.a(libc_a-strlen.o)
                0x02006d18                strlen
 .text._fopen_r
                0x02006d78       0xb8 /opt/devkitpro/devkitARM/bin/../lib/gcc/arm-none-eabi/13.2.0/../../../../arm-none-eabi/lib/thumb/libg.a(libc_a-fopen.o)
                0x02006d78                _fopen_r
 .text.fopen    0x02006e30       0x18 /opt/devkitpro/devkitARM/bin/../lib/gcc/arm-none-eabi/13.2.0/../../../../arm-none-eabi/lib/thumb/libg.a(libc_a-fopen.o)
                0x02006e30                fopen
 .text.__sflush_r
                0x02006e48      0x188 /opt/devkitpro/devkitARM/bin/../lib/gcc/arm-none-eabi/13.2.0/../../../../arm-none-eabi/lib/thumb/libg.a(libc_a-fflush.o)
                0x02006e48                __sflush_r
 .text._fflush_r
                0x02006fd0       0x70 /opt/devkitpro/devkitARM/bin/../lib/gcc/arm-none-eabi/13.2.0/../../../../arm-none-eabi/lib/thumb/libg.a(libc_a-fflush.o)
                0x02006fd0                _fflush_r
 .text._fwalk_sglue
                0x02007040       0x4c /opt/devkitpro/devkitARM/bin/../lib/gcc/arm-none-eabi/13.2.0/../../../../arm-none-eabi/lib/thumb/libg.a(libc_a-fwalk.o)
                0x02007040                _fwalk_sglue
 .text._fread_r
                0x0200708c      0x224 /opt/devkitpro/devkitARM/bin/../lib/gcc/arm-none-eabi/13.2.0/../../../../arm-none-eabi/lib/thumb/libg.a(libc_a-fread.o)
                0x0200708c                _fread_r
 .text.fread    0x020072b0       0x24 /opt/devkitpro/devkitARM/bin/../lib/gcc/arm-none-eabi/13.2.0/../../../../arm-none-eabi/lib/thumb/libg.a(libc_a-fread.o)
                0x020072b0                fread
 .text.stdio_exit_handler
                0x020072d4       0x20 /opt/devkitpro/devkitARM/bin/../lib/gcc/arm-none-eabi/13.2.0/../../../../arm-none-eabi/lib/thumb/libg.a(libc_a-findfp.o)
 .text.cleanup_stdio
                0x020072f4       0x40 /opt/devkitpro/devkitARM/bin/../lib/gcc/arm-none-eabi/13.2.0/../../../../arm-none-eabi/lib/thumb/libg.a(libc_a-findfp.o)
 .text.global_stdio_init.part.0
                0x02007334      0x128 /opt/devkitpro/devkitARM/bin/../lib/gcc/arm-none-eabi/13.2.0/../../../../arm-none-eabi/lib/thumb/libg.a(libc_a-findfp.o)
 .text.__sfp    0x0200745c       0xcc /opt/devkitpro/devkitARM/bin/../lib/gcc/arm-none-eabi/13.2.0/../../../../arm-none-eabi/lib/thumb/libg.a(libc_a-findfp.o)
                0x0200745c                __sfp
 .text.__sinit  0x02007528       0x3c /opt/devkitpro/devkitARM/bin/../lib/gcc/arm-none-eabi/13.2.0/../../../../arm-none-eabi/lib/thumb/libg.a(libc_a-findfp.o)
                0x02007528                __sinit
 .text.__sfp_lock_acquire
                0x02007564       0x14 /opt/devkitpro/devkitARM/bin/../lib/gcc/arm-none-eabi/13.2.0/../../../../arm-none-eabi/lib/thumb/libg.a(libc_a-findfp.o)
                0x02007564                __sfp_lock_acquire
 .text.__sfp_lock_release
                0x02007578       0x14 /opt/devkitpro/devkitARM/bin/../lib/gcc/arm-none-eabi/13.2.0/../../../../arm-none-eabi/lib/thumb/libg.a(libc_a-findfp.o)
                0x02007578                __sfp_lock_release
 .text._fseek_r
                0x0200758c       0x18 /opt/devkitpro/devkitARM/bin/../lib/gcc/arm-none-eabi/13.2.0/../../../../arm-none-eabi/lib/thumb/libg.a(libc_a-fseek.o)
                0x0200758c                _fseek_r
 .text.fseek    0x020075a4       0x24 /opt/devkitpro/devkitARM/bin/../lib/gcc/arm-none-eabi/13.2.0/../../../../arm-none-eabi/lib/thumb/libg.a(libc_a-fseek.o)
                0x020075a4                fseek
 .text._strtol_l.part.0
                0x020075c8      0x13c /opt/devkitpro/devkitARM/bin/../lib/gcc/arm-none-eabi/13.2.0/../../../../arm-none-eabi/lib/thumb/libg.a(libc_a-strtol.o)
 .text._strtol_r
                0x02007704       0x34 /opt/devkitpro/devkitARM/bin/../lib/gcc/arm-none-eabi/13.2.0/../../../../arm-none-eabi/lib/thumb/libg.a(libc_a-strtol.o)
                0x02007704                _strtol_r
 .text.realloc  0x02007738       0x18 /opt/devkitpro/devkitARM/bin/../lib/gcc/arm-none-eabi/13.2.0/../../../../arm-none-eabi/lib/thumb/libg.a(libc_a-realloc.o)
                0x02007738                realloc
 .text._strtoul_l.isra.0
                0x02007750      0x144 /opt/devkitpro/devkitARM/bin/../lib/gcc/arm-none-eabi/13.2.0/../../../../arm-none-eabi/lib/thumb/libg.a(libc_a-strtoul.o)
 .text._strtoul_r
                0x02007894       0x20 /opt/devkitpro/devkitARM/bin/../lib/gcc/arm-none-eabi/13.2.0/../../../../arm-none-eabi/lib/thumb/libg.a(libc_a-strtoul.o)
                0x02007894                _strtoul_r
 .text.__locale_mb_cur_max
                0x020078b4       0x20 /opt/devkitpro/devkitARM/bin/../lib/gcc/arm-none-eabi/13.2.0/../../../../arm-none-eabi/lib/thumb/libg.a(libc_a-locale.o)
                0x020078b4                __locale_mb_cur_max
 .text.__utf8_wctomb
                0x020078d4       0xb4 /opt/devkitpro/devkitARM/bin/../lib/gcc/arm-none-eabi/13.2.0/../../../../arm-none-eabi/lib/thumb/libg.a(libc_a-wctomb_r.o)
                0x020078d4                __utf8_wctomb
 .text.memcpy   0x02007988       0x90 /opt/devkitpro/devkitARM/bin/../lib/gcc/arm-none-eabi/13.2.0/../../../../arm-none-eabi/lib/thumb/libg.a(libc_a-memcpy-stub.o)
                0x02007988                memcpy
 .text.__libc_init_array
                0x02007a18       0x54 /opt/devkitpro/devkitARM/bin/../lib/gcc/arm-none-eabi/13.2.0/../../../../arm-none-eabi/lib/thumb/libg.a(libc_a-init.o)
                0x02007a18                __libc_init_array
 .text.__errno  0x02007a6c        0xc /opt/devkitpro/devkitARM/bin/../lib/gcc/arm-none-eabi/13.2.0/../../../../arm-none-eabi/lib/thumb/libg.a(libc_a-errno.o)
                0x02007a6c                __errno
 .text._strtoll_l.isra.0
                0x02007a78      0x19c /opt/devkitpro/devkitARM/bin/../lib/gcc/arm-none-eabi/13.2.0/../../../../arm-none-eabi/lib/thumb/libg.a(libc_a-strtoll.o)
 .text._strtoll_r
                0x02007c14       0x20 /opt/devkitpro/devkitARM/bin/../lib/gcc/arm-none-eabi/13.2.0/../../../../arm-none-eabi/lib/thumb/libg.a(libc_a-strtoll.o)
                0x02007c14                _strtoll_r
 .text._strtoull_l.isra.0
                0x02007c34      0x1c4 /opt/devkitpro/devkitARM/bin/../lib/gcc/arm-none-eabi/13.2.0/../../../../arm-none-eabi/lib/thumb/libg.a(libc_a-strtoull.o)
 .text._strtoull_r
                0x02007df8       0x20 /opt/devkitpro/devkitARM/bin/../lib/gcc/arm-none-eabi/13.2.0/../../../../arm-none-eabi/lib/thumb/libg.a(libc_a-strtoull.o)
                0x02007df8                _strtoull_r
 .text.iswspace
                0x02007e18       0x10 /opt/devkitpro/devkitARM/bin/../lib/gcc/arm-none-eabi/13.2.0/../../../../arm-none-eabi/lib/thumb/libg.a(libc_a-iswspace.o)
                0x02007e18                iswspace
 .text._mbrtowc_r
                0x02007e28       0x90 /opt/devkitpro/devkitARM/bin/../lib/gcc/arm-none-eabi/13.2.0/../../../../arm-none-eabi/lib/thumb/libg.a(libc_a-mbrtowc.o)
                0x02007e28                _mbrtowc_r
 .text.__smakebuf_r
                0x02007eb8       0xe8 /opt/devkitpro/devkitARM/bin/../lib/gcc/arm-none-eabi/13.2.0/../../../../arm-none-eabi/lib/thumb/libg.a(libc_a-makebuf.o)
                0x02007eb8                __smakebuf_r
 .text.__swhatbuf_r
                0x02007fa0       0x5c /opt/devkitpro/devkitARM/bin/../lib/gcc/arm-none-eabi/13.2.0/../../../../arm-none-eabi/lib/thumb/libg.a(libc_a-makebuf.o)
                0x02007fa0                __swhatbuf_r
 .text.iswspace_l
                0x02007ffc       0x28 /opt/devkitpro/devkitARM/bin/../lib/gcc/arm-none-eabi/13.2.0/../../../../arm-none-eabi/lib/thumb/libg.a(libc_a-iswspace_l.o)
                0x02007ffc                iswspace_l
 .text.__sccl   0x02008024       0xa0 /opt/devkitpro/devkitARM/bin/../lib/gcc/arm-none-eabi/13.2.0/../../../../arm-none-eabi/lib/thumb/libg.a(libc_a-sccl.o)
                0x02008024                __sccl
 .text.lflush   0x020080c4       0x24 /opt/devkitpro/devkitARM/bin/../lib/gcc/arm-none-eabi/13.2.0/../../../../arm-none-eabi/lib/thumb/libg.a(libc_a-refill.o)
 .text.__srefill_r
                0x020080e8      0x10c /opt/devkitpro/devkitARM/bin/../lib/gcc/arm-none-eabi/13.2.0/../../../../arm-none-eabi/lib/thumb/libg.a(libc_a-refill.o)
                0x020080e8                __srefill_r
 .text.__submore
                0x020081f4       0x88 /opt/devkitpro/devkitARM/bin/../lib/gcc/arm-none-eabi/13.2.0/../../../../arm-none-eabi/lib/thumb/libg.a(libc_a-ungetc.o)
                0x020081f4                __submore
 .text.__sread  0x0200827c       0x34 /opt/devkitpro/devkitARM/bin/../lib/gcc/arm-none-eabi/13.2.0/../../../../arm-none-eabi/lib/thumb/libg.a(libc_a-stdio.o)
                0x0200827c                __sread
 .text.__seofread
                0x020082b0        0x4 /opt/devkitpro/devkitARM/bin/../lib/gcc/arm-none-eabi/13.2.0/../../../../arm-none-eabi/lib/thumb/libg.a(libc_a-stdio.o)
                0x020082b0                __seofread
 .text.__swrite
                0x020082b4       0x4c /opt/devkitpro/devkitARM/bin/../lib/gcc/arm-none-eabi/13.2.0/../../../../arm-none-eabi/lib/thumb/libg.a(libc_a-stdio.o)
                0x020082b4                __swrite
 .text.__sseek  0x02008300       0x44 /opt/devkitpro/devkitARM/bin/../lib/gcc/arm-none-eabi/13.2.0/../../../../arm-none-eabi/lib/thumb/libg.a(libc_a-stdio.o)
                0x02008300                __sseek
 .text.__sclose
                0x02008344       0x10 /opt/devkitpro/devkitARM/bin/../lib/gcc/arm-none-eabi/13.2.0/../../../../arm-none-eabi/lib/thumb/libg.a(libc_a-stdio.o)
                0x02008344                __sclose
 .text.category
                0x02008354       0x58 /opt/devkitpro/devkitARM/bin/../lib/gcc/arm-none-eabi/13.2.0/../../../../arm-none-eabi/lib/thumb/libg.a(libc_a-categories.o)
                0x02008354                category
 .text.strchr   0x020083ac       0xc8 /opt/devkitpro/devkitARM/bin/../lib/gcc/arm-none-eabi/13.2.0/../../../../arm-none-eabi/lib/thumb/libg.a(libc_a-strchr.o)
                0x020083ac                strchr
 .text.memmove  0x02008474       0xbc /opt/devkitpro/devkitARM/bin/../lib/gcc/arm-none-eabi/13.2.0/../../../../arm-none-eabi/lib/thumb/libg.a(libc_a-memmove.o)
                0x02008474                memmove
 .text._fseeko_r
                0x02008530      0x414 /opt/devkitpro/devkitARM/bin/../lib/gcc/arm-none-eabi/13.2.0/../../../../arm-none-eabi/lib/thumb/libg.a(libc_a-fseeko.o)
                0x02008530                _fseeko_r
 .text.__sflags
                0x02008944       0xa4 /opt/devkitpro/devkitARM/bin/../lib/gcc/arm-none-eabi/13.2.0/../../../../arm-none-eabi/lib/thumb/libg.a(libc_a-flags.o)
                0x02008944                __sflags
 .text.strncmp  0x020089e8       0x78 /opt/devkitpro/devkitARM/bin/../lib/gcc/arm-none-eabi/13.2.0/../../../../arm-none-eabi/lib/thumb/libg.a(libc_a-strncmp.o)
                0x020089e8                strncmp
 .text._realloc_r
                0x02008a60      0x384 /opt/devkitpro/devkitARM/bin/../lib/gcc/arm-none-eabi/13.2.0/../../../../arm-none-eabi/lib/thumb/libg.a(libc_a-reallocr.o)
                0x02008a60                _realloc_r
 .text.__utf8_mbtowc
                0x02008de4      0x27c /opt/devkitpro/devkitARM/bin/../lib/gcc/arm-none-eabi/13.2.0/../../../../arm-none-eabi/lib/thumb/libg.a(libc_a-mbtowc_r.o)
                0x02008de4                __utf8_mbtowc
 .text.build_argv
                0x02009060       0x54 /opt/devkitpro/devkitARM/bin/../lib/gcc/arm-none-eabi/13.2.0/../../../../arm-none-eabi/lib/thumb/libsysbase.a(libsysbase_libsysbase_a-build_argv.o)
                0x02009060                build_argv
 .text._fstat_r
                0x020090b4       0x4c /opt/devkitpro/devkitARM/bin/../lib/gcc/arm-none-eabi/13.2.0/../../../../arm-none-eabi/lib/thumb/libsysbase.a(libsysbase_libsysbase_a-fstat.o)
                0x020090b4                _fstat_r
 .text.__getreent
                0x02009100       0x20 /opt/devkitpro/devkitARM/bin/../lib/gcc/arm-none-eabi/13.2.0/../../../../arm-none-eabi/lib/thumb/libsysbase.a(libsysbase_libsysbase_a-getreent.o)
                0x02009100                __getreent
 .text.__release_handle
                0x02009120       0x68 /opt/devkitpro/devkitARM/bin/../lib/gcc/arm-none-eabi/13.2.0/../../../../arm-none-eabi/lib/thumb/libsysbase.a(libsysbase_libsysbase_a-handle_manager.o)
                0x02009120                __release_handle
 .text.__alloc_handle
                0x02009188       0x7c /opt/devkitpro/devkitARM/bin/../lib/gcc/arm-none-eabi/13.2.0/../../../../arm-none-eabi/lib/thumb/libsysbase.a(libsysbase_libsysbase_a-handle_manager.o)
                0x02009188                __alloc_handle
 .text.__get_handle
                0x02009204       0x34 /opt/devkitpro/devkitARM/bin/../lib/gcc/arm-none-eabi/13.2.0/../../../../arm-none-eabi/lib/thumb/libsysbase.a(libsysbase_libsysbase_a-handle_manager.o)
                0x02009204                __get_handle
 .text._close_r
                0x02009238       0xb8 /opt/devkitpro/devkitARM/bin/../lib/gcc/arm-none-eabi/13.2.0/../../../../arm-none-eabi/lib/thumb/libsysbase.a(libsysbase_libsysbase_a-handle_manager.o)
                0x02009238                _close_r
 .text.null_write
                0x020092f0        0x4 /opt/devkitpro/devkitARM/bin/../lib/gcc/arm-none-eabi/13.2.0/../../../../arm-none-eabi/lib/thumb/libsysbase.a(libsysbase_libsysbase_a-iosupport.o)
 .text.FindDevice
                0x020092f4       0x98 /opt/devkitpro/devkitARM/bin/../lib/gcc/arm-none-eabi/13.2.0/../../../../arm-none-eabi/lib/thumb/libsysbase.a(libsysbase_libsysbase_a-iosupport.o)
                0x020092f4                FindDevice
 .text._isatty_r
                0x0200938c        0x4 /opt/devkitpro/devkitARM/bin/../lib/gcc/arm-none-eabi/13.2.0/../../../../arm-none-eabi/lib/thumb/libsysbase.a(libsysbase_libsysbase_a-isatty.o)
                0x0200938c                _isatty_r
 .text._lseek_r
                0x02009390       0x5c /opt/devkitpro/devkitARM/bin/../lib/gcc/arm-none-eabi/13.2.0/../../../../arm-none-eabi/lib/thumb/libsysbase.a(libsysbase_libsysbase_a-lseek.o)
                0x02009390                _lseek_r
 .text._open_r  0x020093ec       0x98 /opt/devkitpro/devkitARM/bin/../lib/gcc/arm-none-eabi/13.2.0/../../../../arm-none-eabi/lib/thumb/libsysbase.a(libsysbase_libsysbase_a-open.o)
                0x020093ec                _open_r
 .text._read_r  0x02009484       0x50 /opt/devkitpro/devkitARM/bin/../lib/gcc/arm-none-eabi/13.2.0/../../../../arm-none-eabi/lib/thumb/libsysbase.a(libsysbase_libsysbase_a-read.o)
                0x02009484                _read_r
 .text._sbrk_r  0x020094d4       0x54 /opt/devkitpro/devkitARM/bin/../lib/gcc/arm-none-eabi/13.2.0/../../../../arm-none-eabi/lib/thumb/libsysbase.a(libsysbase_libsysbase_a-sbrk.o)
                0x020094d4                _sbrk_r
 .text.__libc_lock_acquire
                0x02009528       0x18 /opt/devkitpro/devkitARM/bin/../lib/gcc/arm-none-eabi/13.2.0/../../../../arm-none-eabi/lib/thumb/libsysbase.a(libsysbase_libsysbase_a-syscall_support.o)
                0x02009528                __libc_lock_acquire
 .text.__libc_lock_release
                0x02009540       0x18 /opt/devkitpro/devkitARM/bin/../lib/gcc/arm-none-eabi/13.2.0/../../../../arm-none-eabi/lib/thumb/libsysbase.a(libsysbase_libsysbase_a-syscall_support.o)
                0x02009540                __libc_lock_release
 .text.__libc_lock_acquire_recursive
                0x02009558       0x18 /opt/devkitpro/devkitARM/bin/../lib/gcc/arm-none-eabi/13.2.0/../../../../arm-none-eabi/lib/thumb/libsysbase.a(libsysbase_libsysbase_a-syscall_support.o)
                0x02009558                __libc_lock_acquire_recursive
 .text.__libc_lock_release_recursive
                0x02009570       0x18 /opt/devkitpro/devkitARM/bin/../lib/gcc/arm-none-eabi/13.2.0/../../../../arm-none-eabi/lib/thumb/libsysbase.a(libsysbase_libsysbase_a-syscall_support.o)
                0x02009570                __libc_lock_release_recursive
 .text._write_r
                0x02009588       0x50 /opt/devkitpro/devkitARM/bin/../lib/gcc/arm-none-eabi/13.2.0/../../../../arm-none-eabi/lib/thumb/libsysbase.a(libsysbase_libsysbase_a-write.o)
                0x02009588                _write_r
 .text.__udivmoddi4
                0x020095d8      0x19c /opt/devkitpro/devkitARM/bin/../lib/gcc/arm-none-eabi/13.2.0/thumb/libgcc.a(_udivmoddi4.o)
                0x020095d8                __udivmoddi4
 *fill*         0x02009774        0x4 ff
 .text.__udivmoddi4.__stub
                0x02009778       0x90 linker stubs
 *(EXCLUDE_FILE(*.twl*) .gnu.warning)
 *(EXCLUDE_FILE(*.twl*) .gnu.linkonce.t*)
 *(.glue_7)
 .glue_7        0x02009818        0x0 linker stubs
 *(.glue_7t)
 .glue_7t       0x02009818        0x0 linker stubs
                0x02009818                        . = ALIGN (0x4)

.vfp11_veneer   0x02009818        0x0
 .vfp11_veneer  0x02009818        0x0 linker stubs

.v4_bx          0x02009818        0x0
 .v4_bx         0x02009818        0x0 linker stubs

.iplt           0x02009818        0x0
 .iplt          0x02009818        0x0 /opt/devkitpro/devkitARM/bin/../lib/gcc/arm-none-eabi/13.2.0/../../../../arm-none-eabi/lib/thumb/ds_arm9_crt0.o

.fini           0x02009818        0xc
 *(.fini)
 .fini          0x02009818        0x4 /opt/devkitpro/devkitARM/bin/../lib/gcc/arm-none-eabi/13.2.0/thumb/crti.o
                0x02009818                _fini
 .fini          0x0200981c        0x8 /opt/devkitpro/devkitARM/bin/../lib/gcc/arm-none-eabi/13.2.0/thumb/crtn.o
                0x02009824                        __text_end = .

.rodata         0x02009824    0x4651c
 *(EXCLUDE_FILE(*.twl*) .rodata)
 .rodata        0x02009824      0x600 aspicot.o
                0x02009824                aspicotTiles
                0x02009c24                aspicotPal
 .rodata        0x02009e24     0xc200 battle.o
                0x02009e24                battleBitmap
                0x02015e24                battlePal
 .rodata        0x02016024     0x7a00 findDiff.o
                0x02016024                findDiffTiles
                0x0201d224                findDiffMap
                0x0201d824                findDiffPal
 .rodata        0x0201da24     0xb000 gameover.o
                0x0201da24                gameoverTiles
                0x02028224                gameoverMap
                0x02028824                gameoverPal
 .rodata        0x02028a24     0xbf00 instruction.o
                0x02028a24                instructionTiles
                0x02034124                instructionMap
                0x02034724                instructionPal
 .rodata        0x02034924     0x7580 menu.o
                0x02034924                menuTiles
                0x0203b6a4                menuMap
                0x0203bca4                menuPal
 .rodata        0x0203bea4     0x5a00 numbers.o
                0x0203bea4                numbersTiles
                0x020416a4                numbersPal
 .rodata        0x020418a4     0x6d80 skills.o
                0x020418a4                skillsTiles
                0x02047e24                skillsMap
                0x02048424                skillsPal
 *all.rodata*(*)
 *(EXCLUDE_FILE(*.twl*) .roda)
 *(EXCLUDE_FILE(*.twl*) .rodata.*)
 .rodata.soundbank_bin
                0x02048624     0x1d70 soundbank.bin.o
                0x02048624                soundbank_bin
                0x0204a394                soundbank_bin_end
 .rodata.SIN_LUT
                0x0204a394      0x102 /opt/devkitpro/libnds/lib/libnds9.a(trig.o)
                0x0204a394                SIN_LUT
 *fill*         0x0204a496        0x2 ff
 .rodata.con_write.str1.4
                0x0204a498       0x94 /opt/devkitpro/libnds/lib/libnds9.a(console.o)
                                 0x30 (size before relaxing)
 .rodata.con_write
                0x0204a52c       0xd4 /opt/devkitpro/libnds/lib/libnds9.a(console.o)
 .rodata.str1.4
                0x0204a600       0x14 /opt/devkitpro/libnds/lib/libnds9.a(console.o)
 .rodata.dotab_stdout
                0x0204a600       0x70 /opt/devkitpro/libnds/lib/libnds9.a(console.o)
 .rodata.default_font_bin
                0x0204a670     0x2000 /opt/devkitpro/libnds/lib/libnds9.a(default_font.bin.o)
                0x0204a670                default_font_bin
                0x0204c670                default_font_bin_end
 .rodata.basefix.0
                0x0204c670       0x22 /opt/devkitpro/devkitARM/bin/../lib/gcc/arm-none-eabi/13.2.0/../../../../arm-none-eabi/lib/thumb/libg.a(libc_a-svfiscanf.o)
 .rodata.str1.4
                0x0204c692       0x4c /opt/devkitpro/devkitARM/bin/../lib/gcc/arm-none-eabi/13.2.0/../../../../arm-none-eabi/lib/thumb/libg.a(libc_a-locale.o)
 .rodata._mbrtowc_r.str1.4
                0x0204c692        0x1 /opt/devkitpro/devkitARM/bin/../lib/gcc/arm-none-eabi/13.2.0/../../../../arm-none-eabi/lib/thumb/libg.a(libc_a-mbrtowc.o)
 *fill*         0x0204c692        0x2 ff
 .rodata._ctype_
                0x0204c694      0x101 /opt/devkitpro/devkitARM/bin/../lib/gcc/arm-none-eabi/13.2.0/../../../../arm-none-eabi/lib/thumb/libg.a(libc_a-ctype_.o)
                0x0204c694                _ctype_
 *fill*         0x0204c795        0x3 ff
 .rodata.categories
                0x0204c798     0x3528 /opt/devkitpro/devkitARM/bin/../lib/gcc/arm-none-eabi/13.2.0/../../../../arm-none-eabi/lib/thumb/libg.a(libc_a-categories.o)
 .rodata.AddDevice.str1.4
                0x0204fcc0        0x8 /opt/devkitpro/devkitARM/bin/../lib/gcc/arm-none-eabi/13.2.0/../../../../arm-none-eabi/lib/thumb/libsysbase.a(libsysbase_libsysbase_a-iosupport.o)
 .rodata.dotab_stdnull
                0x0204fcc0       0x80 /opt/devkitpro/devkitARM/bin/../lib/gcc/arm-none-eabi/13.2.0/../../../../arm-none-eabi/lib/thumb/libsysbase.a(libsysbase_libsysbase_a-iosupport.o)
                0x0204fcc0                dotab_stdnull
 *(EXCLUDE_FILE(*.twl*) .gnu.linkonce.r*)
                0x0204fd40                        . = ALIGN (0x4)

.ARM.extab
 *(.ARM.extab* .gnu.linkonce.armextab.*)
                0x0204fd40                        __exidx_start = .

ARM.exidx
 *(.ARM.exidx* .gnu.linkonce.armexidx.*)
                0x0204fd40                        __exidx_end = .
                0x0204fd40                        . = ALIGN (0x4)
                0x0204fd40                        PROVIDE (__preinit_array_start = .)

.preinit_array
 *(.preinit_array)
                0x0204fd40                        PROVIDE (__preinit_array_end = .)
                0x0204fd40                        PROVIDE (__init_array_start = .)

.init_array     0x0204fd40        0x4
 *(SORT_BY_NAME(.init_array.*))
 *(.init_array)
 .init_array    0x0204fd40        0x4 /opt/devkitpro/devkitARM/bin/../lib/gcc/arm-none-eabi/13.2.0/thumb/crtbegin.o
                0x0204fd44                        PROVIDE (__init_array_end = .)
                [!provide]                        PROVIDE (__fini_array_start = .)

.fini_array     0x0204fd44        0x4
 *(.fini_array)
 .fini_array    0x0204fd44        0x4 /opt/devkitpro/devkitARM/bin/../lib/gcc/arm-none-eabi/13.2.0/thumb/crtbegin.o
 *(SORT_BY_NAME(.fini_array.*))
                [!provide]                        PROVIDE (__fini_array_end = .)

.ctors          0x0204fd48        0x0
 *crtbegin.o(.ctors)
 *(EXCLUDE_FILE(*crtend.o) .ctors)
 *(SORT_BY_NAME(.ctors.*))
 *(.ctors)
                0x0204fd48                        . = ALIGN (0x4)

.dtors          0x0204fd48        0x0
 *crtbegin.o(.dtors)
 *(EXCLUDE_FILE(*crtend.o) .dtors)
 *(SORT_BY_NAME(.dtors.*))
 *(.dtors)
                0x0204fd48                        . = ALIGN (0x4)

.eh_frame       0x0204fd48        0x4
 *(.eh_frame)
 .eh_frame      0x0204fd48        0x0 /opt/devkitpro/devkitARM/bin/../lib/gcc/arm-none-eabi/13.2.0/thumb/crtbegin.o
 .eh_frame      0x0204fd48        0x4 /opt/devkitpro/devkitARM/bin/../lib/gcc/arm-none-eabi/13.2.0/thumb/crtend.o
                0x0204fd4c                        . = ALIGN (0x4)

.rel.dyn        0x0204fd4c        0x0
 .rel.iplt      0x0204fd4c        0x0 /opt/devkitpro/devkitARM/bin/../lib/gcc/arm-none-eabi/13.2.0/../../../../arm-none-eabi/lib/thumb/ds_arm9_crt0.o

.gcc_except_table
                0x0204fd4c        0x0
 *(.gcc_except_table)
                0x0204fd4c                        . = ALIGN (0x4)

.jcr
 *(.jcr)

.got
 *(.got.plt)
 *(.got)
 *(.rel.got)

.ewram          0x0204fd4c        0x0
                0x0204fd4c                        __ewram_start = ABSOLUTE (.)
 *(.ewram)
 *ewram.*(.text)
                0x0204fd4c                        . = ALIGN (0x4)

.data           0x0204fd4c     0x1880
                0x0204fd4c                        __data_start = ABSOLUTE (.)
 *(EXCLUDE_FILE(*.twl*) .data)
 .data          0x0204fd4c       0x28 /opt/devkitpro/libnds/lib/libnds9.a(mpu_setup.o)
 *(EXCLUDE_FILE(*.twl*) .data.*)
 .data.bgControl
                0x0204fd74       0x20 /opt/devkitpro/libnds/lib/libnds9.a(background.o)
                0x0204fd74                bgControl
 .data.bgScrollTable
                0x0204fd94       0x20 /opt/devkitpro/libnds/lib/libnds9.a(background.o)
                0x0204fd94                bgScrollTable
 .data.bgTransform
                0x0204fdb4       0x20 /opt/devkitpro/libnds/lib/libnds9.a(background.o)
                0x0204fdb4                bgTransform
 .data.currentConsole
                0x0204fdd4        0x4 /opt/devkitpro/libnds/lib/libnds9.a(console.o)
                0x0204fdd4                currentConsole
 .data.defaultConsole
                0x0204fdd8       0x5c /opt/devkitpro/libnds/lib/libnds9.a(console.o)
                0x0204fdd8                defaultConsole
 .data.firstConsoleInit.0
                0x0204fe34        0x1 /opt/devkitpro/libnds/lib/libnds9.a(console.o)
 *fill*         0x0204fe35        0x3 ff
 .data.oamMain  0x0204fe38       0x18 /opt/devkitpro/libnds/lib/libnds9.a(sprite.o)
                0x0204fe38                oamMain
 .data.count    0x0204fe50        0x1 /opt/devkitpro/libnds/lib/libnds9.a(keys.o)
 .data.delay    0x0204fe51        0x1 /opt/devkitpro/libnds/lib/libnds9.a(keys.o)
 .data.repeat   0x0204fe52        0x1 /opt/devkitpro/libnds/lib/libnds9.a(keys.o)
 *fill*         0x0204fe53        0x1 ff
 .data.fifo_buffer_free
                0x0204fe54        0x4 /opt/devkitpro/libnds/lib/libnds9.a(fifosystem.o)
                0x0204fe54                fifo_buffer_free
 .data.fifo_freewords
                0x0204fe58        0x4 /opt/devkitpro/libnds/lib/libnds9.a(fifosystem.o)
                0x0204fe58                fifo_freewords
 .data.fifo_receive_queue
                0x0204fe5c        0x4 /opt/devkitpro/libnds/lib/libnds9.a(fifosystem.o)
                0x0204fe5c                fifo_receive_queue
 .data.fifo_send_queue
                0x0204fe60        0x4 /opt/devkitpro/libnds/lib/libnds9.a(fifosystem.o)
                0x0204fe60                fifo_send_queue
 .data.__malloc_sbrk_base
                0x0204fe64        0x4 /opt/devkitpro/devkitARM/bin/../lib/gcc/arm-none-eabi/13.2.0/../../../../arm-none-eabi/lib/thumb/libg.a(libc_a-mallocr.o)
                0x0204fe64                __malloc_sbrk_base
 .data.__malloc_trim_threshold
                0x0204fe68        0x4 /opt/devkitpro/devkitARM/bin/../lib/gcc/arm-none-eabi/13.2.0/../../../../arm-none-eabi/lib/thumb/libg.a(libc_a-mallocr.o)
                0x0204fe68                __malloc_trim_threshold
 *fill*         0x0204fe6c        0x4 ff
 .data.__malloc_av_
                0x0204fe70      0x408 /opt/devkitpro/devkitARM/bin/../lib/gcc/arm-none-eabi/13.2.0/../../../../arm-none-eabi/lib/thumb/libg.a(libc_a-mallocr.o)
                0x0204fe70                __malloc_av_
 .data.__sglue  0x02050278        0xc /opt/devkitpro/devkitARM/bin/../lib/gcc/arm-none-eabi/13.2.0/../../../../arm-none-eabi/lib/thumb/libg.a(libc_a-findfp.o)
                0x02050278                __sglue
 .data.__global_locale
                0x02050284      0x16c /opt/devkitpro/devkitARM/bin/../lib/gcc/arm-none-eabi/13.2.0/../../../../arm-none-eabi/lib/thumb/libg.a(libc_a-locale.o)
                0x02050284                __global_locale
 .data._impure_ptr
                0x020503f0        0x4 /opt/devkitpro/devkitARM/bin/../lib/gcc/arm-none-eabi/13.2.0/../../../../arm-none-eabi/lib/thumb/libg.a(libc_a-impure.o)
                0x020503f0                _impure_ptr
 *fill*         0x020503f4        0x4 ff
 .data._impure_data
                0x020503f8      0x120 /opt/devkitpro/devkitARM/bin/../lib/gcc/arm-none-eabi/13.2.0/../../../../arm-none-eabi/lib/thumb/libg.a(libc_a-impure.o)
                0x020503f8                _impure_data
 .data.handles  0x02050518     0x1000 /opt/devkitpro/devkitARM/bin/../lib/gcc/arm-none-eabi/13.2.0/../../../../arm-none-eabi/lib/thumb/libsysbase.a(libsysbase_libsysbase_a-handle_manager.o)
 .data.__stderr_handle
                0x02051518        0xc /opt/devkitpro/devkitARM/bin/../lib/gcc/arm-none-eabi/13.2.0/../../../../arm-none-eabi/lib/thumb/libsysbase.a(libsysbase_libsysbase_a-handle_manager.o)
 .data.__stdout_handle
                0x02051524        0xc /opt/devkitpro/devkitARM/bin/../lib/gcc/arm-none-eabi/13.2.0/../../../../arm-none-eabi/lib/thumb/libsysbase.a(libsysbase_libsysbase_a-handle_manager.o)
 .data.__stdin_handle
                0x02051530        0xc /opt/devkitpro/devkitARM/bin/../lib/gcc/arm-none-eabi/13.2.0/../../../../arm-none-eabi/lib/thumb/libsysbase.a(libsysbase_libsysbase_a-handle_manager.o)
 .data.devoptab_list
                0x0205153c       0x8c /opt/devkitpro/devkitARM/bin/../lib/gcc/arm-none-eabi/13.2.0/../../../../arm-none-eabi/lib/thumb/libsysbase.a(libsysbase_libsysbase_a-iosupport.o)
                0x0205153c                devoptab_list
 .data.defaultDevice
                0x020515c8        0x4 /opt/devkitpro/devkitARM/bin/../lib/gcc/arm-none-eabi/13.2.0/../../../../arm-none-eabi/lib/thumb/libsysbase.a(libsysbase_libsysbase_a-iosupport.o)
 *(EXCLUDE_FILE(*.twl*) .gnu.linkonce.d*)
                0x020515cc                        . = ALIGN (0x4)
                0x020515cc                        __data_end = ABSOLUTE (.)
                0x020515cc                        __bss_vma = .

.igot.plt       0x020515cc        0x0
 .igot.plt      0x020515cc        0x0 /opt/devkitpro/devkitARM/bin/../lib/gcc/arm-none-eabi/13.2.0/../../../../arm-none-eabi/lib/thumb/ds_arm9_crt0.o

.dtcm           0x02ff0000        0x0 load address 0x020515cc
                0x020515cc                        __dtcm_lma = LOADADDR (.dtcm)
                0x02ff0000                        __dtcm_start = ABSOLUTE (.)
 *(.dtcm)
 *(.dtcm.*)
                0x02ff0000                        . = ALIGN (0x4)
                0x02ff0000                        __dtcm_end = ABSOLUTE (.)

.itcm           0x01000100      0x194 load address 0x020515cc
                0x020515cc                        __itcm_lma = LOADADDR (.itcm)
                0x01000100                        __itcm_start = ABSOLUTE (.)
 *(.itcm)
 .itcm          0x01000100       0xc8 /opt/devkitpro/libnds/lib/libnds9.a(interrupts.o)
                0x01000100                irqTable
 .itcm          0x010001c8       0xcc /opt/devkitpro/libnds/lib/libnds9.a(interruptDispatcher.o)
                0x010001c8                IntrMain
 *.itcm*(.text .stub .text.*)
                0x01000294                        . = ALIGN (0x4)
                0x01000294                        __itcm_end = ABSOLUTE (.)

.vectors        0x01000000        0x0 load address 0x02051760
                0x02051760                        __vectors_lma = LOADADDR (.vectors)
                0x01000000                        __vectors_start = ABSOLUTE (.)
 *(.vectors .vectors.*)
                0x01000000                        . = ALIGN (0x4)
                0x01000000                        __vectors_end = ABSOLUTE (.)

.sbss           0x02ff0000        0x0
                0x02ff0000                        __sbss_start = ABSOLUTE (.)
                0x02ff0000                        __sbss_start__ = ABSOLUTE (.)
 *(.sbss)
                0x02ff0000                        . = ALIGN (0x4)
                0x02ff0000                        __sbss_end = ABSOLUTE (.)

.bss            0x020515cc     0x1268
                0x020515cc                        __bss_start = ABSOLUTE (.)
                0x020515cc                        __bss_start__ = ABSOLUTE (.)
 *(EXCLUDE_FILE(*.twl*) .dynbss)
 *(EXCLUDE_FILE(*.twl*) .gnu.linkonce.b*)
 *(EXCLUDE_FILE(*.twl*) .bss*)
 .bss.completed.1
                0x020515cc        0x1 /opt/devkitpro/devkitARM/bin/../lib/gcc/arm-none-eabi/13.2.0/thumb/crtbegin.o
 *fill*         0x020515cd        0x3 
 .bss.object.0  0x020515d0       0x18 /opt/devkitpro/devkitARM/bin/../lib/gcc/arm-none-eabi/13.2.0/thumb/crtbegin.o
 .bss           0x020515e8       0x10 main.o
                0x020515e8                gfx
                0x020515ec                min
                0x020515f0                sec
                0x020515f4                msec
 .bss.bgIsTextLut
                0x020515f8        0x8 /opt/devkitpro/libnds/lib/libnds9.a(background.o)
                0x020515f8                bgIsTextLut
 .bss.bgState   0x02051600      0x140 /opt/devkitpro/libnds/lib/libnds9.a(background.o)
                0x02051600                bgState
 .bss.currentCopy
                0x02051740       0x5c /opt/devkitpro/libnds/lib/libnds9.a(console.o)
                0x02051740                currentCopy
 .bss.OamMemory
                0x0205179c      0x400 /opt/devkitpro/libnds/lib/libnds9.a(sprite.o)
                0x0205179c                OamMemory
 .bss.keys      0x02051b9c        0x2 /opt/devkitpro/libnds/lib/libnds9.a(keys.o)
 .bss.keysold   0x02051b9e        0x2 /opt/devkitpro/libnds/lib/libnds9.a(keys.o)
 .bss.keysrepeat
                0x02051ba0        0x2 /opt/devkitpro/libnds/lib/libnds9.a(keys.o)
 .bss.__dsimode
                0x02051ba2        0x1 /opt/devkitpro/libnds/lib/libnds9.a(initSystem.o)
                0x02051ba2                __dsimode
 *fill*         0x02051ba3        0x1 
 .bss.punixTime
                0x02051ba4        0x4 /opt/devkitpro/libnds/lib/libnds9.a(initSystem.o)
                0x02051ba4                punixTime
 .bss.fifo_address_data
                0x02051ba8       0x40 /opt/devkitpro/libnds/lib/libnds9.a(fifosystem.o)
                0x02051ba8                fifo_address_data
 .bss.fifo_address_func
                0x02051be8       0x40 /opt/devkitpro/libnds/lib/libnds9.a(fifosystem.o)
                0x02051be8                fifo_address_func
 .bss.fifo_address_queue
                0x02051c28       0x40 /opt/devkitpro/libnds/lib/libnds9.a(fifosystem.o)
                0x02051c28                fifo_address_queue
 .bss.fifo_buffer
                0x02051c68      0x800 /opt/devkitpro/libnds/lib/libnds9.a(fifosystem.o)
                0x02051c68                fifo_buffer
 .bss.fifo_data_queue
                0x02052468       0x40 /opt/devkitpro/libnds/lib/libnds9.a(fifosystem.o)
                0x02052468                fifo_data_queue
 .bss.fifo_datamsg_data
                0x020524a8       0x40 /opt/devkitpro/libnds/lib/libnds9.a(fifosystem.o)
                0x020524a8                fifo_datamsg_data
 .bss.fifo_datamsg_func
                0x020524e8       0x40 /opt/devkitpro/libnds/lib/libnds9.a(fifosystem.o)
                0x020524e8                fifo_datamsg_func
 .bss.fifo_value32_data
                0x02052528       0x40 /opt/devkitpro/libnds/lib/libnds9.a(fifosystem.o)
                0x02052528                fifo_value32_data
 .bss.fifo_value32_func
                0x02052568       0x40 /opt/devkitpro/libnds/lib/libnds9.a(fifosystem.o)
                0x02052568                fifo_value32_func
 .bss.fifo_value32_queue
                0x020525a8       0x40 /opt/devkitpro/libnds/lib/libnds9.a(fifosystem.o)
                0x020525a8                fifo_value32_queue
 .bss.processing
                0x020525e8        0x4 /opt/devkitpro/libnds/lib/libnds9.a(fifosystem.o)
                0x020525e8                processing
 .bss.SDcallback
                0x020525ec        0x4 /opt/devkitpro/libnds/lib/libnds9.a(system.o)
 .bss           0x020525f0       0x18 /opt/devkitpro/libnds/lib/libmm9.a(mm_comms.o)
 .bss           0x02052608       0x19 /opt/devkitpro/libnds/lib/libmm9.a(mm_main9.o)
                0x02052608                mmcbMemory
                0x0205260c                mmModuleCount
                0x02052610                mmSampleCount
                0x02052614                mmMemoryBank
                0x02052614                mmModuleBank
                0x02052618                mmSampleBank
                0x0205261c                mmCallback
                0x02052620                mmActiveStatus
 *fill*         0x02052621        0x3 
 .bss           0x02052624       0x44 /opt/devkitpro/libnds/lib/libmm9.a(mm_soundbank.o)
 .bss.__malloc_current_mallinfo
                0x02052668       0x28 /opt/devkitpro/devkitARM/bin/../lib/gcc/arm-none-eabi/13.2.0/../../../../arm-none-eabi/lib/thumb/libg.a(libc_a-mallocr.o)
                0x02052668                __malloc_current_mallinfo
 .bss.__malloc_max_total_mem
                0x02052690        0x4 /opt/devkitpro/devkitARM/bin/../lib/gcc/arm-none-eabi/13.2.0/../../../../arm-none-eabi/lib/thumb/libg.a(libc_a-mallocr.o)
                0x02052690                __malloc_max_total_mem
 .bss.__malloc_max_sbrked_mem
                0x02052694        0x4 /opt/devkitpro/devkitARM/bin/../lib/gcc/arm-none-eabi/13.2.0/../../../../arm-none-eabi/lib/thumb/libg.a(libc_a-mallocr.o)
                0x02052694                __malloc_max_sbrked_mem
 .bss.__malloc_top_pad
                0x02052698        0x4 /opt/devkitpro/devkitARM/bin/../lib/gcc/arm-none-eabi/13.2.0/../../../../arm-none-eabi/lib/thumb/libg.a(libc_a-mallocr.o)
                0x02052698                __malloc_top_pad
 .bss.__malloc_recursive_mutex
                0x0205269c        0xc /opt/devkitpro/devkitARM/bin/../lib/gcc/arm-none-eabi/13.2.0/../../../../arm-none-eabi/lib/thumb/libg.a(libc_a-mlock.o)
 .bss.__sfp_recursive_mutex
                0x020526a8        0xc /opt/devkitpro/devkitARM/bin/../lib/gcc/arm-none-eabi/13.2.0/../../../../arm-none-eabi/lib/thumb/libg.a(libc_a-findfp.o)
 *fill*         0x020526b4        0x4 
 .bss.__sf      0x020526b8      0x168 /opt/devkitpro/devkitARM/bin/../lib/gcc/arm-none-eabi/13.2.0/../../../../arm-none-eabi/lib/thumb/libg.a(libc_a-findfp.o)
                0x020526b8                __sf
 .bss.__stdio_exit_handler
                0x02052820        0x4 /opt/devkitpro/devkitARM/bin/../lib/gcc/arm-none-eabi/13.2.0/../../../../arm-none-eabi/lib/thumb/libg.a(libc_a-findfp.o)
                0x02052820                __stdio_exit_handler
 .bss.__hndl_lock
                0x02052824        0x4 /opt/devkitpro/devkitARM/bin/../lib/gcc/arm-none-eabi/13.2.0/../../../../arm-none-eabi/lib/thumb/libsysbase.a(libsysbase_libsysbase_a-handle_manager.o)
 .bss.fake_heap_start
                0x02052828        0x4 /opt/devkitpro/devkitARM/bin/../lib/gcc/arm-none-eabi/13.2.0/../../../../arm-none-eabi/lib/thumb/libsysbase.a(libsysbase_libsysbase_a-malloc_vars.o)
                0x02052828                fake_heap_start
 .bss.fake_heap_end
                0x0205282c        0x4 /opt/devkitpro/devkitARM/bin/../lib/gcc/arm-none-eabi/13.2.0/../../../../arm-none-eabi/lib/thumb/libsysbase.a(libsysbase_libsysbase_a-malloc_vars.o)
                0x0205282c                fake_heap_end
 .bss.heap_start.0
                0x02052830        0x4 /opt/devkitpro/devkitARM/bin/../lib/gcc/arm-none-eabi/13.2.0/../../../../arm-none-eabi/lib/thumb/libsysbase.a(libsysbase_libsysbase_a-sbrk.o)
 *(EXCLUDE_FILE(*.twl*) COMMON)
                0x02052834                        . = ALIGN (0x4)
                0x02052834                        __bss_end__ = ABSOLUTE (.)
                0x02052834                        __end__ = ABSOLUTE (.)

.twl            0x02052834        0x0 load address 0x02400000
                0x02400000                        __arm9i_lma__ = LOADADDR (.twl)
                0x02052834                        __arm9i_start__ = ABSOLUTE (.)
 *(.twl)
 *.twl*(.text .stub .text.* .gnu.linkonce.t.*)
 *.twl*(.rodata)
 *.twl*(.roda)
 *.twl*(.rodata.*)
 *.twl*(.data)
 *.twl*(.data.*)
 *.twl*(.gnu.linkonce.d*)
                0x02052834                        __arm9i_end__ = ABSOLUTE (.)

.twl_bss        0x02052834        0x0
                0x02052834                        __twl_bss_start__ = ABSOLUTE (.)
 *(.twl_bss)
 *.twl*(.dynbss)
 *.twl*(.gnu.linkonce.b*)
 *.twl*(.bss*)
 *.twl*(COMMON)
                0x02052834                        . = ALIGN (0x4)
                0x02052834                        __twl_bss_end__ = ABSOLUTE (.)
                0x02052834                        __twl_end__ = ABSOLUTE (.)

.stab
 *(.stab)

.stabstr
 *(.stabstr)

.stab.excl
 *(.stab.excl)

.stab.exclstr
 *(.stab.exclstr)

.stab.index
 *(.stab.index)

.stab.indexstr
 *(.stab.indexstr)

.comment        0x00000000       0x46
 *(.comment)
 .comment       0x00000000       0x46 /opt/devkitpro/devkitARM/bin/../lib/gcc/arm-none-eabi/13.2.0/thumb/crtbegin.o
                                 0x24 (size before relaxing)
 .comment       0x00000046       0x24 main.o
 .comment       0x00000046       0x24 /opt/devkitpro/libnds/lib/libnds9.a(background.o)
 .comment       0x00000046       0x24 /opt/devkitpro/libnds/lib/libnds9.a(trig.o)
 .comment       0x00000046       0x24 /opt/devkitpro/libnds/lib/libnds9.a(touch.o)
 .comment       0x00000046       0x24 /opt/devkitpro/libnds/lib/libnds9.a(sprite_alloc.o)
 .comment       0x00000046       0x24 /opt/devkitpro/libnds/lib/libnds9.a(console.o)
 .comment       0x00000046       0x24 /opt/devkitpro/libnds/lib/libnds9.a(sprite.o)
 .comment       0x00000046       0x24 /opt/devkitpro/libnds/lib/libnds9.a(keys.o)
 .comment       0x00000046       0x24 /opt/devkitpro/libnds/lib/libnds9.a(initSystem.o)
 .comment       0x00000046       0x24 /opt/devkitpro/libnds/lib/libnds9.a(securearea.o)
 .comment       0x00000046       0x24 /opt/devkitpro/libnds/lib/libnds9.a(interrupts.o)
 .comment       0x00000046       0x24 /opt/devkitpro/libnds/lib/libnds9.a(libnds_exit.arm.o)
 .comment       0x00000046       0x24 /opt/devkitpro/libnds/lib/libnds9.a(fifosystem.o)
 .comment       0x00000046       0x24 /opt/devkitpro/libnds/lib/libnds9.a(video.o)
 .comment       0x00000046       0x24 /opt/devkitpro/libnds/lib/libnds9.a(system.o)
 .comment       0x00000046       0x24 /opt/devkitpro/devkitARM/bin/../lib/gcc/arm-none-eabi/13.2.0/thumb/libgcc.a(_muldi3.o)
 .comment       0x00000046       0x24 /opt/devkitpro/devkitARM/bin/../lib/gcc/arm-none-eabi/13.2.0/../../../../arm-none-eabi/lib/thumb/libg.a(libc_a-siscanf.o)
 .comment       0x00000046       0x24 /opt/devkitpro/devkitARM/bin/../lib/gcc/arm-none-eabi/13.2.0/../../../../arm-none-eabi/lib/thumb/libg.a(libc_a-setvbuf.o)
 .comment       0x00000046       0x24 /opt/devkitpro/devkitARM/bin/../lib/gcc/arm-none-eabi/13.2.0/../../../../arm-none-eabi/lib/thumb/libg.a(libc_a-svfiscanf.o)
 .comment       0x00000046       0x24 /opt/devkitpro/devkitARM/bin/../lib/gcc/arm-none-eabi/13.2.0/../../../../arm-none-eabi/lib/thumb/libg.a(libc_a-freer.o)
 .comment       0x00000046       0x24 /opt/devkitpro/devkitARM/bin/../lib/gcc/arm-none-eabi/13.2.0/../../../../arm-none-eabi/lib/thumb/libg.a(libc_a-fclose.o)
 .comment       0x00000046       0x24 /opt/devkitpro/devkitARM/bin/../lib/gcc/arm-none-eabi/13.2.0/../../../../arm-none-eabi/lib/thumb/libg.a(libc_a-malloc.o)
 .comment       0x00000046       0x24 /opt/devkitpro/devkitARM/bin/../lib/gcc/arm-none-eabi/13.2.0/../../../../arm-none-eabi/lib/thumb/libg.a(libc_a-mallocr.o)
 .comment       0x00000046       0x24 /opt/devkitpro/devkitARM/bin/../lib/gcc/arm-none-eabi/13.2.0/../../../../arm-none-eabi/lib/thumb/libg.a(libc_a-memset.o)
 .comment       0x00000046       0x24 /opt/devkitpro/devkitARM/bin/../lib/gcc/arm-none-eabi/13.2.0/../../../../arm-none-eabi/lib/thumb/libg.a(libc_a-mlock.o)
 .comment       0x00000046       0x24 /opt/devkitpro/devkitARM/bin/../lib/gcc/arm-none-eabi/13.2.0/../../../../arm-none-eabi/lib/thumb/libg.a(libc_a-strlen.o)
 .comment       0x00000046       0x24 /opt/devkitpro/devkitARM/bin/../lib/gcc/arm-none-eabi/13.2.0/../../../../arm-none-eabi/lib/thumb/libg.a(libc_a-fopen.o)
 .comment       0x00000046       0x24 /opt/devkitpro/devkitARM/bin/../lib/gcc/arm-none-eabi/13.2.0/../../../../arm-none-eabi/lib/thumb/libg.a(libc_a-fflush.o)
 .comment       0x00000046       0x24 /opt/devkitpro/devkitARM/bin/../lib/gcc/arm-none-eabi/13.2.0/../../../../arm-none-eabi/lib/thumb/libg.a(libc_a-fwalk.o)
 .comment       0x00000046       0x24 /opt/devkitpro/devkitARM/bin/../lib/gcc/arm-none-eabi/13.2.0/../../../../arm-none-eabi/lib/thumb/libg.a(libc_a-fread.o)
 .comment       0x00000046       0x24 /opt/devkitpro/devkitARM/bin/../lib/gcc/arm-none-eabi/13.2.0/../../../../arm-none-eabi/lib/thumb/libg.a(libc_a-findfp.o)
 .comment       0x00000046       0x24 /opt/devkitpro/devkitARM/bin/../lib/gcc/arm-none-eabi/13.2.0/../../../../arm-none-eabi/lib/thumb/libg.a(libc_a-fseek.o)
 .comment       0x00000046       0x24 /opt/devkitpro/devkitARM/bin/../lib/gcc/arm-none-eabi/13.2.0/../../../../arm-none-eabi/lib/thumb/libg.a(libc_a-strtol.o)
 .comment       0x00000046       0x24 /opt/devkitpro/devkitARM/bin/../lib/gcc/arm-none-eabi/13.2.0/../../../../arm-none-eabi/lib/thumb/libg.a(libc_a-realloc.o)
 .comment       0x00000046       0x24 /opt/devkitpro/devkitARM/bin/../lib/gcc/arm-none-eabi/13.2.0/../../../../arm-none-eabi/lib/thumb/libg.a(libc_a-strtoul.o)
 .comment       0x00000046       0x24 /opt/devkitpro/devkitARM/bin/../lib/gcc/arm-none-eabi/13.2.0/../../../../arm-none-eabi/lib/thumb/libg.a(libc_a-locale.o)
 .comment       0x00000046       0x24 /opt/devkitpro/devkitARM/bin/../lib/gcc/arm-none-eabi/13.2.0/../../../../arm-none-eabi/lib/thumb/libg.a(libc_a-wctomb_r.o)
 .comment       0x00000046       0x24 /opt/devkitpro/devkitARM/bin/../lib/gcc/arm-none-eabi/13.2.0/../../../../arm-none-eabi/lib/thumb/libg.a(libc_a-memcpy-stub.o)
 .comment       0x00000046       0x24 /opt/devkitpro/devkitARM/bin/../lib/gcc/arm-none-eabi/13.2.0/../../../../arm-none-eabi/lib/thumb/libg.a(libc_a-impure.o)
 .comment       0x00000046       0x24 /opt/devkitpro/devkitARM/bin/../lib/gcc/arm-none-eabi/13.2.0/../../../../arm-none-eabi/lib/thumb/libg.a(libc_a-init.o)
 .comment       0x00000046       0x24 /opt/devkitpro/devkitARM/bin/../lib/gcc/arm-none-eabi/13.2.0/../../../../arm-none-eabi/lib/thumb/libg.a(libc_a-errno.o)
 .comment       0x00000046       0x24 /opt/devkitpro/devkitARM/bin/../lib/gcc/arm-none-eabi/13.2.0/../../../../arm-none-eabi/lib/thumb/libg.a(libc_a-strtoll.o)
 .comment       0x00000046       0x24 /opt/devkitpro/devkitARM/bin/../lib/gcc/arm-none-eabi/13.2.0/../../../../arm-none-eabi/lib/thumb/libg.a(libc_a-strtoull.o)
 .comment       0x00000046       0x24 /opt/devkitpro/devkitARM/bin/../lib/gcc/arm-none-eabi/13.2.0/../../../../arm-none-eabi/lib/thumb/libg.a(libc_a-iswspace.o)
 .comment       0x00000046       0x24 /opt/devkitpro/devkitARM/bin/../lib/gcc/arm-none-eabi/13.2.0/../../../../arm-none-eabi/lib/thumb/libg.a(libc_a-mbrtowc.o)
 .comment       0x00000046       0x24 /opt/devkitpro/devkitARM/bin/../lib/gcc/arm-none-eabi/13.2.0/../../../../arm-none-eabi/lib/thumb/libg.a(libc_a-makebuf.o)
 .comment       0x00000046       0x24 /opt/devkitpro/devkitARM/bin/../lib/gcc/arm-none-eabi/13.2.0/../../../../arm-none-eabi/lib/thumb/libg.a(libc_a-iswspace_l.o)
 .comment       0x00000046       0x24 /opt/devkitpro/devkitARM/bin/../lib/gcc/arm-none-eabi/13.2.0/../../../../arm-none-eabi/lib/thumb/libg.a(libc_a-ctype_.o)
 .comment       0x00000046       0x24 /opt/devkitpro/devkitARM/bin/../lib/gcc/arm-none-eabi/13.2.0/../../../../arm-none-eabi/lib/thumb/libg.a(libc_a-sccl.o)
 .comment       0x00000046       0x24 /opt/devkitpro/devkitARM/bin/../lib/gcc/arm-none-eabi/13.2.0/../../../../arm-none-eabi/lib/thumb/libg.a(libc_a-refill.o)
 .comment       0x00000046       0x24 /opt/devkitpro/devkitARM/bin/../lib/gcc/arm-none-eabi/13.2.0/../../../../arm-none-eabi/lib/thumb/libg.a(libc_a-ungetc.o)
 .comment       0x00000046       0x24 /opt/devkitpro/devkitARM/bin/../lib/gcc/arm-none-eabi/13.2.0/../../../../arm-none-eabi/lib/thumb/libg.a(libc_a-stdio.o)
 .comment       0x00000046       0x24 /opt/devkitpro/devkitARM/bin/../lib/gcc/arm-none-eabi/13.2.0/../../../../arm-none-eabi/lib/thumb/libg.a(libc_a-categories.o)
 .comment       0x00000046       0x24 /opt/devkitpro/devkitARM/bin/../lib/gcc/arm-none-eabi/13.2.0/../../../../arm-none-eabi/lib/thumb/libg.a(libc_a-strchr.o)
 .comment       0x00000046       0x24 /opt/devkitpro/devkitARM/bin/../lib/gcc/arm-none-eabi/13.2.0/../../../../arm-none-eabi/lib/thumb/libg.a(libc_a-memmove.o)
 .comment       0x00000046       0x24 /opt/devkitpro/devkitARM/bin/../lib/gcc/arm-none-eabi/13.2.0/../../../../arm-none-eabi/lib/thumb/libg.a(libc_a-fseeko.o)
 .comment       0x00000046       0x24 /opt/devkitpro/devkitARM/bin/../lib/gcc/arm-none-eabi/13.2.0/../../../../arm-none-eabi/lib/thumb/libg.a(libc_a-flags.o)
 .comment       0x00000046       0x24 /opt/devkitpro/devkitARM/bin/../lib/gcc/arm-none-eabi/13.2.0/../../../../arm-none-eabi/lib/thumb/libg.a(libc_a-strncmp.o)
 .comment       0x00000046       0x24 /opt/devkitpro/devkitARM/bin/../lib/gcc/arm-none-eabi/13.2.0/../../../../arm-none-eabi/lib/thumb/libg.a(libc_a-reallocr.o)
 .comment       0x00000046       0x24 /opt/devkitpro/devkitARM/bin/../lib/gcc/arm-none-eabi/13.2.0/../../../../arm-none-eabi/lib/thumb/libg.a(libc_a-mbtowc_r.o)
 .comment       0x00000046       0x24 /opt/devkitpro/devkitARM/bin/../lib/gcc/arm-none-eabi/13.2.0/../../../../arm-none-eabi/lib/thumb/libsysbase.a(libsysbase_libsysbase_a-build_argv.o)
 .comment       0x00000046       0x24 /opt/devkitpro/devkitARM/bin/../lib/gcc/arm-none-eabi/13.2.0/../../../../arm-none-eabi/lib/thumb/libsysbase.a(libsysbase_libsysbase_a-fstat.o)
 .comment       0x00000046       0x24 /opt/devkitpro/devkitARM/bin/../lib/gcc/arm-none-eabi/13.2.0/../../../../arm-none-eabi/lib/thumb/libsysbase.a(libsysbase_libsysbase_a-getreent.o)
 .comment       0x00000046       0x24 /opt/devkitpro/devkitARM/bin/../lib/gcc/arm-none-eabi/13.2.0/../../../../arm-none-eabi/lib/thumb/libsysbase.a(libsysbase_libsysbase_a-handle_manager.o)
 .comment       0x00000046       0x24 /opt/devkitpro/devkitARM/bin/../lib/gcc/arm-none-eabi/13.2.0/../../../../arm-none-eabi/lib/thumb/libsysbase.a(libsysbase_libsysbase_a-iosupport.o)
 .comment       0x00000046       0x24 /opt/devkitpro/devkitARM/bin/../lib/gcc/arm-none-eabi/13.2.0/../../../../arm-none-eabi/lib/thumb/libsysbase.a(libsysbase_libsysbase_a-isatty.o)
 .comment       0x00000046       0x24 /opt/devkitpro/devkitARM/bin/../lib/gcc/arm-none-eabi/13.2.0/../../../../arm-none-eabi/lib/thumb/libsysbase.a(libsysbase_libsysbase_a-lseek.o)
 .comment       0x00000046       0x24 /opt/devkitpro/devkitARM/bin/../lib/gcc/arm-none-eabi/13.2.0/../../../../arm-none-eabi/lib/thumb/libsysbase.a(libsysbase_libsysbase_a-malloc_vars.o)
 .comment       0x00000046       0x24 /opt/devkitpro/devkitARM/bin/../lib/gcc/arm-none-eabi/13.2.0/../../../../arm-none-eabi/lib/thumb/libsysbase.a(libsysbase_libsysbase_a-open.o)
 .comment       0x00000046       0x24 /opt/devkitpro/devkitARM/bin/../lib/gcc/arm-none-eabi/13.2.0/../../../../arm-none-eabi/lib/thumb/libsysbase.a(libsysbase_libsysbase_a-read.o)
 .comment       0x00000046       0x24 /opt/devkitpro/devkitARM/bin/../lib/gcc/arm-none-eabi/13.2.0/../../../../arm-none-eabi/lib/thumb/libsysbase.a(libsysbase_libsysbase_a-sbrk.o)
 .comment       0x00000046       0x24 /opt/devkitpro/devkitARM/bin/../lib/gcc/arm-none-eabi/13.2.0/../../../../arm-none-eabi/lib/thumb/libsysbase.a(libsysbase_libsysbase_a-syscall_support.o)
 .comment       0x00000046       0x24 /opt/devkitpro/devkitARM/bin/../lib/gcc/arm-none-eabi/13.2.0/../../../../arm-none-eabi/lib/thumb/libsysbase.a(libsysbase_libsysbase_a-write.o)
 .comment       0x00000046       0x24 /opt/devkitpro/devkitARM/bin/../lib/gcc/arm-none-eabi/13.2.0/thumb/libgcc.a(_udivmoddi4.o)
 .comment       0x00000046       0x24 /opt/devkitpro/devkitARM/bin/../lib/gcc/arm-none-eabi/13.2.0/thumb/crtend.o

.ARM.attributes
                0x00000000       0x2d
 .ARM.attributes
                0x00000000       0x21 /opt/devkitpro/devkitARM/bin/../lib/gcc/arm-none-eabi/13.2.0/../../../../arm-none-eabi/lib/thumb/ds_arm9_crt0.o
 .ARM.attributes
                0x00000021       0x1c /opt/devkitpro/devkitARM/bin/../lib/gcc/arm-none-eabi/13.2.0/thumb/crti.o
 .ARM.attributes
                0x0000003d       0x2a /opt/devkitpro/devkitARM/bin/../lib/gcc/arm-none-eabi/13.2.0/thumb/crtbegin.o
 .ARM.attributes
                0x00000067       0x1a soundbank.bin.o
 .ARM.attributes
                0x00000081       0x1a aspicot.o
 .ARM.attributes
                0x0000009b       0x1a battle.o
 .ARM.attributes
                0x000000b5       0x1a findDiff.o
 .ARM.attributes
                0x000000cf       0x1a gameover.o
 .ARM.attributes
                0x000000e9       0x1a instruction.o
 .ARM.attributes
                0x00000103       0x1a menu.o
 .ARM.attributes
                0x0000011d       0x1a numbers.o
 .ARM.attributes
                0x00000137       0x1a skills.o
 .ARM.attributes
                0x00000151       0x27 main.o
 .ARM.attributes
                0x00000178       0x2b /opt/devkitpro/libnds/lib/libnds9.a(background.o)
 .ARM.attributes
                0x000001a3       0x2b /opt/devkitpro/libnds/lib/libnds9.a(trig.o)
 .ARM.attributes
                0x000001ce       0x2b /opt/devkitpro/libnds/lib/libnds9.a(touch.o)
 .ARM.attributes
                0x000001f9       0x2b /opt/devkitpro/libnds/lib/libnds9.a(sprite_alloc.o)
 .ARM.attributes
                0x00000224       0x2b /opt/devkitpro/libnds/lib/libnds9.a(console.o)
 .ARM.attributes
                0x0000024f       0x2b /opt/devkitpro/libnds/lib/libnds9.a(sprite.o)
 .ARM.attributes
                0x0000027a       0x2b /opt/devkitpro/libnds/lib/libnds9.a(keys.o)
 .ARM.attributes
                0x000002a5       0x2b /opt/devkitpro/libnds/lib/libnds9.a(initSystem.o)
 .ARM.attributes
                0x000002d0       0x2b /opt/devkitpro/libnds/lib/libnds9.a(securearea.o)
 .ARM.attributes
                0x000002fb       0x2b /opt/devkitpro/libnds/lib/libnds9.a(interrupts.o)
 .ARM.attributes
                0x00000326       0x2b /opt/devkitpro/libnds/lib/libnds9.a(libnds_exit.arm.o)
 .ARM.attributes
                0x00000351       0x2b /opt/devkitpro/libnds/lib/libnds9.a(fifosystem.o)
 .ARM.attributes
                0x0000037c       0x1b /opt/devkitpro/libnds/lib/libnds9.a(dcache.o)
 .ARM.attributes
                0x00000397       0x21 /opt/devkitpro/libnds/lib/libnds9.a(mpu_setup.o)
 .ARM.attributes
                0x000003b8       0x21 /opt/devkitpro/libnds/lib/libnds9.a(IntrWait.o)
 .ARM.attributes
                0x000003d9       0x21 /opt/devkitpro/libnds/lib/libnds9.a(cpu_clock.o)
 .ARM.attributes
                0x000003fa       0x1b /opt/devkitpro/libnds/lib/libnds9.a(interruptDispatcher.o)
 .ARM.attributes
                0x00000415       0x1b /opt/devkitpro/libnds/lib/libnds9.a(biosCalls.o)
 .ARM.attributes
                0x00000430       0x21 /opt/devkitpro/libnds/lib/libnds9.a(swiSoftReset.o)
 .ARM.attributes
                0x00000451       0x14 /opt/devkitpro/libnds/lib/libnds9.a(default_font.bin.o)
 .ARM.attributes
                0x00000465       0x2b /opt/devkitpro/libnds/lib/libnds9.a(video.o)
 .ARM.attributes
                0x00000490       0x2b /opt/devkitpro/libnds/lib/libnds9.a(system.o)
 .ARM.attributes
                0x000004bb       0x1b /opt/devkitpro/libnds/lib/libmm9.a(mm_comms.o)
 .ARM.attributes
                0x000004d6       0x1b /opt/devkitpro/libnds/lib/libmm9.a(mm_memory.o)
 .ARM.attributes
                0x000004f1       0x1b /opt/devkitpro/libnds/lib/libmm9.a(mm_main9.o)
 .ARM.attributes
                0x0000050c       0x1b /opt/devkitpro/libnds/lib/libmm9.a(mm_soundbank.o)
 .ARM.attributes
                0x00000527       0x1b /opt/devkitpro/libnds/lib/libmm9.a(mm_flusher.o)
 .ARM.attributes
                0x00000542       0x1c /opt/devkitpro/devkitARM/bin/../lib/gcc/arm-none-eabi/13.2.0/thumb/libgcc.a(_divsi3.o)
 .ARM.attributes
                0x0000055e       0x1c /opt/devkitpro/devkitARM/bin/../lib/gcc/arm-none-eabi/13.2.0/thumb/libgcc.a(_dvmd_tls.o)
 .ARM.attributes
                0x0000057a       0x2a /opt/devkitpro/devkitARM/bin/../lib/gcc/arm-none-eabi/13.2.0/thumb/libgcc.a(_muldi3.o)
 .ARM.attributes
                0x000005a4       0x2a /opt/devkitpro/devkitARM/bin/../lib/gcc/arm-none-eabi/13.2.0/../../../../arm-none-eabi/lib/thumb/libg.a(libc_a-siscanf.o)
 .ARM.attributes
                0x000005ce       0x2a /opt/devkitpro/devkitARM/bin/../lib/gcc/arm-none-eabi/13.2.0/../../../../arm-none-eabi/lib/thumb/libg.a(libc_a-setvbuf.o)
 .ARM.attributes
                0x000005f8       0x2a /opt/devkitpro/devkitARM/bin/../lib/gcc/arm-none-eabi/13.2.0/../../../../arm-none-eabi/lib/thumb/libg.a(libc_a-svfiscanf.o)
 .ARM.attributes
                0x00000622       0x2a /opt/devkitpro/devkitARM/bin/../lib/gcc/arm-none-eabi/13.2.0/../../../../arm-none-eabi/lib/thumb/libg.a(libc_a-freer.o)
 .ARM.attributes
                0x0000064c       0x2a /opt/devkitpro/devkitARM/bin/../lib/gcc/arm-none-eabi/13.2.0/../../../../arm-none-eabi/lib/thumb/libg.a(libc_a-fclose.o)
 .ARM.attributes
                0x00000676       0x2a /opt/devkitpro/devkitARM/bin/../lib/gcc/arm-none-eabi/13.2.0/../../../../arm-none-eabi/lib/thumb/libg.a(libc_a-malloc.o)
 .ARM.attributes
                0x000006a0       0x2a /opt/devkitpro/devkitARM/bin/../lib/gcc/arm-none-eabi/13.2.0/../../../../arm-none-eabi/lib/thumb/libg.a(libc_a-mallocr.o)
 .ARM.attributes
                0x000006ca       0x2a /opt/devkitpro/devkitARM/bin/../lib/gcc/arm-none-eabi/13.2.0/../../../../arm-none-eabi/lib/thumb/libg.a(libc_a-memset.o)
 .ARM.attributes
                0x000006f4       0x2a /opt/devkitpro/devkitARM/bin/../lib/gcc/arm-none-eabi/13.2.0/../../../../arm-none-eabi/lib/thumb/libg.a(libc_a-mlock.o)
 .ARM.attributes
                0x0000071e       0x2a /opt/devkitpro/devkitARM/bin/../lib/gcc/arm-none-eabi/13.2.0/../../../../arm-none-eabi/lib/thumb/libg.a(libc_a-strlen.o)
 .ARM.attributes
                0x00000748       0x2a /opt/devkitpro/devkitARM/bin/../lib/gcc/arm-none-eabi/13.2.0/../../../../arm-none-eabi/lib/thumb/libg.a(libc_a-fopen.o)
 .ARM.attributes
                0x00000772       0x2a /opt/devkitpro/devkitARM/bin/../lib/gcc/arm-none-eabi/13.2.0/../../../../arm-none-eabi/lib/thumb/libg.a(libc_a-fflush.o)
 .ARM.attributes
                0x0000079c       0x2a /opt/devkitpro/devkitARM/bin/../lib/gcc/arm-none-eabi/13.2.0/../../../../arm-none-eabi/lib/thumb/libg.a(libc_a-fwalk.o)
 .ARM.attributes
                0x000007c6       0x2a /opt/devkitpro/devkitARM/bin/../lib/gcc/arm-none-eabi/13.2.0/../../../../arm-none-eabi/lib/thumb/libg.a(libc_a-fread.o)
 .ARM.attributes
                0x000007f0       0x2a /opt/devkitpro/devkitARM/bin/../lib/gcc/arm-none-eabi/13.2.0/../../../../arm-none-eabi/lib/thumb/libg.a(libc_a-findfp.o)
 .ARM.attributes
                0x0000081a       0x2a /opt/devkitpro/devkitARM/bin/../lib/gcc/arm-none-eabi/13.2.0/../../../../arm-none-eabi/lib/thumb/libg.a(libc_a-fseek.o)
 .ARM.attributes
                0x00000844       0x2a /opt/devkitpro/devkitARM/bin/../lib/gcc/arm-none-eabi/13.2.0/../../../../arm-none-eabi/lib/thumb/libg.a(libc_a-strtol.o)
 .ARM.attributes
                0x0000086e       0x2a /opt/devkitpro/devkitARM/bin/../lib/gcc/arm-none-eabi/13.2.0/../../../../arm-none-eabi/lib/thumb/libg.a(libc_a-realloc.o)
 .ARM.attributes
                0x00000898       0x2a /opt/devkitpro/devkitARM/bin/../lib/gcc/arm-none-eabi/13.2.0/../../../../arm-none-eabi/lib/thumb/libg.a(libc_a-strtoul.o)
 .ARM.attributes
                0x000008c2       0x2a /opt/devkitpro/devkitARM/bin/../lib/gcc/arm-none-eabi/13.2.0/../../../../arm-none-eabi/lib/thumb/libg.a(libc_a-locale.o)
 .ARM.attributes
                0x000008ec       0x2a /opt/devkitpro/devkitARM/bin/../lib/gcc/arm-none-eabi/13.2.0/../../../../arm-none-eabi/lib/thumb/libg.a(libc_a-wctomb_r.o)
 .ARM.attributes
                0x00000916       0x2a /opt/devkitpro/devkitARM/bin/../lib/gcc/arm-none-eabi/13.2.0/../../../../arm-none-eabi/lib/thumb/libg.a(libc_a-memcpy-stub.o)
 .ARM.attributes
                0x00000940       0x2a /opt/devkitpro/devkitARM/bin/../lib/gcc/arm-none-eabi/13.2.0/../../../../arm-none-eabi/lib/thumb/libg.a(libc_a-impure.o)
 .ARM.attributes
                0x0000096a       0x2a /opt/devkitpro/devkitARM/bin/../lib/gcc/arm-none-eabi/13.2.0/../../../../arm-none-eabi/lib/thumb/libg.a(libc_a-init.o)
 .ARM.attributes
                0x00000994       0x2a /opt/devkitpro/devkitARM/bin/../lib/gcc/arm-none-eabi/13.2.0/../../../../arm-none-eabi/lib/thumb/libg.a(libc_a-errno.o)
 .ARM.attributes
                0x000009be       0x2a /opt/devkitpro/devkitARM/bin/../lib/gcc/arm-none-eabi/13.2.0/../../../../arm-none-eabi/lib/thumb/libg.a(libc_a-strtoll.o)
 .ARM.attributes
                0x000009e8       0x2a /opt/devkitpro/devkitARM/bin/../lib/gcc/arm-none-eabi/13.2.0/../../../../arm-none-eabi/lib/thumb/libg.a(libc_a-strtoull.o)
 .ARM.attributes
                0x00000a12       0x2a /opt/devkitpro/devkitARM/bin/../lib/gcc/arm-none-eabi/13.2.0/../../../../arm-none-eabi/lib/thumb/libg.a(libc_a-iswspace.o)
 .ARM.attributes
                0x00000a3c       0x2a /opt/devkitpro/devkitARM/bin/../lib/gcc/arm-none-eabi/13.2.0/../../../../arm-none-eabi/lib/thumb/libg.a(libc_a-mbrtowc.o)
 .ARM.attributes
                0x00000a66       0x2a /opt/devkitpro/devkitARM/bin/../lib/gcc/arm-none-eabi/13.2.0/../../../../arm-none-eabi/lib/thumb/libg.a(libc_a-makebuf.o)
 .ARM.attributes
                0x00000a90       0x2a /opt/devkitpro/devkitARM/bin/../lib/gcc/arm-none-eabi/13.2.0/../../../../arm-none-eabi/lib/thumb/libg.a(libc_a-iswspace_l.o)
 .ARM.attributes
                0x00000aba       0x2a /opt/devkitpro/devkitARM/bin/../lib/gcc/arm-none-eabi/13.2.0/../../../../arm-none-eabi/lib/thumb/libg.a(libc_a-ctype_.o)
 .ARM.attributes
                0x00000ae4       0x2a /opt/devkitpro/devkitARM/bin/../lib/gcc/arm-none-eabi/13.2.0/../../../../arm-none-eabi/lib/thumb/libg.a(libc_a-sccl.o)
 .ARM.attributes
                0x00000b0e       0x2a /opt/devkitpro/devkitARM/bin/../lib/gcc/arm-none-eabi/13.2.0/../../../../arm-none-eabi/lib/thumb/libg.a(libc_a-refill.o)
 .ARM.attributes
                0x00000b38       0x2a /opt/devkitpro/devkitARM/bin/../lib/gcc/arm-none-eabi/13.2.0/../../../../arm-none-eabi/lib/thumb/libg.a(libc_a-ungetc.o)
 .ARM.attributes
                0x00000b62       0x2a /opt/devkitpro/devkitARM/bin/../lib/gcc/arm-none-eabi/13.2.0/../../../../arm-none-eabi/lib/thumb/libg.a(libc_a-stdio.o)
 .ARM.attributes
                0x00000b8c       0x2a /opt/devkitpro/devkitARM/bin/../lib/gcc/arm-none-eabi/13.2.0/../../../../arm-none-eabi/lib/thumb/libg.a(libc_a-categories.o)
 .ARM.attributes
                0x00000bb6       0x2a /opt/devkitpro/devkitARM/bin/../lib/gcc/arm-none-eabi/13.2.0/../../../../arm-none-eabi/lib/thumb/libg.a(libc_a-strchr.o)
 .ARM.attributes
                0x00000be0       0x2a /opt/devkitpro/devkitARM/bin/../lib/gcc/arm-none-eabi/13.2.0/../../../../arm-none-eabi/lib/thumb/libg.a(libc_a-memmove.o)
 .ARM.attributes
                0x00000c0a       0x2a /opt/devkitpro/devkitARM/bin/../lib/gcc/arm-none-eabi/13.2.0/../../../../arm-none-eabi/lib/thumb/libg.a(libc_a-fseeko.o)
 .ARM.attributes
                0x00000c34       0x2a /opt/devkitpro/devkitARM/bin/../lib/gcc/arm-none-eabi/13.2.0/../../../../arm-none-eabi/lib/thumb/libg.a(libc_a-flags.o)
 .ARM.attributes
                0x00000c5e       0x2a /opt/devkitpro/devkitARM/bin/../lib/gcc/arm-none-eabi/13.2.0/../../../../arm-none-eabi/lib/thumb/libg.a(libc_a-strncmp.o)
 .ARM.attributes
                0x00000c88       0x2a /opt/devkitpro/devkitARM/bin/../lib/gcc/arm-none-eabi/13.2.0/../../../../arm-none-eabi/lib/thumb/libg.a(libc_a-reallocr.o)
 .ARM.attributes
                0x00000cb2       0x2a /opt/devkitpro/devkitARM/bin/../lib/gcc/arm-none-eabi/13.2.0/../../../../arm-none-eabi/lib/thumb/libg.a(libc_a-mbtowc_r.o)
 .ARM.attributes
                0x00000cdc       0x2a /opt/devkitpro/devkitARM/bin/../lib/gcc/arm-none-eabi/13.2.0/../../../../arm-none-eabi/lib/thumb/libsysbase.a(libsysbase_libsysbase_a-build_argv.o)
 .ARM.attributes
                0x00000d06       0x2a /opt/devkitpro/devkitARM/bin/../lib/gcc/arm-none-eabi/13.2.0/../../../../arm-none-eabi/lib/thumb/libsysbase.a(libsysbase_libsysbase_a-fstat.o)
 .ARM.attributes
                0x00000d30       0x2a /opt/devkitpro/devkitARM/bin/../lib/gcc/arm-none-eabi/13.2.0/../../../../arm-none-eabi/lib/thumb/libsysbase.a(libsysbase_libsysbase_a-getreent.o)
 .ARM.attributes
                0x00000d5a       0x2a /opt/devkitpro/devkitARM/bin/../lib/gcc/arm-none-eabi/13.2.0/../../../../arm-none-eabi/lib/thumb/libsysbase.a(libsysbase_libsysbase_a-handle_manager.o)
 .ARM.attributes
                0x00000d84       0x2a /opt/devkitpro/devkitARM/bin/../lib/gcc/arm-none-eabi/13.2.0/../../../../arm-none-eabi/lib/thumb/libsysbase.a(libsysbase_libsysbase_a-iosupport.o)
 .ARM.attributes
                0x00000dae       0x2a /opt/devkitpro/devkitARM/bin/../lib/gcc/arm-none-eabi/13.2.0/../../../../arm-none-eabi/lib/thumb/libsysbase.a(libsysbase_libsysbase_a-isatty.o)
 .ARM.attributes
                0x00000dd8       0x2a /opt/devkitpro/devkitARM/bin/../lib/gcc/arm-none-eabi/13.2.0/../../../../arm-none-eabi/lib/thumb/libsysbase.a(libsysbase_libsysbase_a-lseek.o)
 .ARM.attributes
                0x00000e02       0x2a /opt/devkitpro/devkitARM/bin/../lib/gcc/arm-none-eabi/13.2.0/../../../../arm-none-eabi/lib/thumb/libsysbase.a(libsysbase_libsysbase_a-malloc_vars.o)
 .ARM.attributes
                0x00000e2c       0x2a /opt/devkitpro/devkitARM/bin/../lib/gcc/arm-none-eabi/13.2.0/../../../../arm-none-eabi/lib/thumb/libsysbase.a(libsysbase_libsysbase_a-open.o)
 .ARM.attributes
                0x00000e56       0x2a /opt/devkitpro/devkitARM/bin/../lib/gcc/arm-none-eabi/13.2.0/../../../../arm-none-eabi/lib/thumb/libsysbase.a(libsysbase_libsysbase_a-read.o)
 .ARM.attributes
                0x00000e80       0x2a /opt/devkitpro/devkitARM/bin/../lib/gcc/arm-none-eabi/13.2.0/../../../../arm-none-eabi/lib/thumb/libsysbase.a(libsysbase_libsysbase_a-sbrk.o)
 .ARM.attributes
                0x00000eaa       0x2a /opt/devkitpro/devkitARM/bin/../lib/gcc/arm-none-eabi/13.2.0/../../../../arm-none-eabi/lib/thumb/libsysbase.a(libsysbase_libsysbase_a-syscall_support.o)
 .ARM.attributes
                0x00000ed4       0x2a /opt/devkitpro/devkitARM/bin/../lib/gcc/arm-none-eabi/13.2.0/../../../../arm-none-eabi/lib/thumb/libsysbase.a(libsysbase_libsysbase_a-write.o)
 .ARM.attributes
                0x00000efe       0x1c /opt/devkitpro/devkitARM/bin/../lib/gcc/arm-none-eabi/13.2.0/thumb/libgcc.a(_thumb1_case_uqi.o)
 .ARM.attributes
                0x00000f1a       0x1c /opt/devkitpro/devkitARM/bin/../lib/gcc/arm-none-eabi/13.2.0/thumb/libgcc.a(_thumb1_case_uhi.o)
 .ARM.attributes
                0x00000f36       0x1c /opt/devkitpro/devkitARM/bin/../lib/gcc/arm-none-eabi/13.2.0/thumb/libgcc.a(_udivsi3.o)
 .ARM.attributes
                0x00000f52       0x1c /opt/devkitpro/devkitARM/bin/../lib/gcc/arm-none-eabi/13.2.0/thumb/libgcc.a(_aeabi_uldivmod.o)
 .ARM.attributes
                0x00000f6e       0x2a /opt/devkitpro/devkitARM/bin/../lib/gcc/arm-none-eabi/13.2.0/thumb/libgcc.a(_udivmoddi4.o)
 .ARM.attributes
                0x00000f98       0x1c /opt/devkitpro/devkitARM/bin/../lib/gcc/arm-none-eabi/13.2.0/thumb/libgcc.a(_clzdi2.o)
 .ARM.attributes
                0x00000fb4       0x1c /opt/devkitpro/devkitARM/bin/../lib/gcc/arm-none-eabi/13.2.0/thumb/libgcc.a(_clzsi2.o)
 .ARM.attributes
                0x00000fd0       0x2a /opt/devkitpro/devkitARM/bin/../lib/gcc/arm-none-eabi/13.2.0/thumb/crtend.o
 .ARM.attributes
                0x00000ffa       0x1c /opt/devkitpro/devkitARM/bin/../lib/gcc/arm-none-eabi/13.2.0/thumb/crtn.o

.debug
 *(.debug)

.line
 *(.line)

.debug_srcinfo
 *(.debug_srcinfo)

.debug_sfnames
 *(.debug_sfnames)

.debug_aranges  0x00000000      0x628
 *(.debug_aranges)
 .debug_aranges
                0x00000000       0x20 main.o
 .debug_aranges
                0x00000020       0x40 /opt/devkitpro/libnds/lib/libnds9.a(background.o)
 .debug_aranges
                0x00000060       0x60 /opt/devkitpro/libnds/lib/libnds9.a(trig.o)
 .debug_aranges
                0x000000c0       0x28 /opt/devkitpro/libnds/lib/libnds9.a(touch.o)
 .debug_aranges
                0x000000e8       0x38 /opt/devkitpro/libnds/lib/libnds9.a(sprite_alloc.o)
 .debug_aranges
                0x00000120       0x80 /opt/devkitpro/libnds/lib/libnds9.a(console.o)
 .debug_aranges
                0x000001a0       0x60 /opt/devkitpro/libnds/lib/libnds9.a(sprite.o)
 .debug_aranges
                0x00000200       0x50 /opt/devkitpro/libnds/lib/libnds9.a(keys.o)
 .debug_aranges
                0x00000250       0x30 /opt/devkitpro/libnds/lib/libnds9.a(initSystem.o)
 .debug_aranges
                0x00000280       0x18 /opt/devkitpro/libnds/lib/libnds9.a(securearea.o)
 .debug_aranges
                0x00000298       0x50 /opt/devkitpro/libnds/lib/libnds9.a(interrupts.o)
 .debug_aranges
                0x000002e8       0x28 /opt/devkitpro/libnds/lib/libnds9.a(libnds_exit.arm.o)
 .debug_aranges
                0x00000310       0xb0 /opt/devkitpro/libnds/lib/libnds9.a(fifosystem.o)
 .debug_aranges
                0x000003c0       0x38 /opt/devkitpro/libnds/lib/libnds9.a(dcache.o)
 .debug_aranges
                0x000003f8       0x30 /opt/devkitpro/libnds/lib/libnds9.a(mpu_setup.o)
 .debug_aranges
                0x00000428       0x28 /opt/devkitpro/libnds/lib/libnds9.a(IntrWait.o)
 .debug_aranges
                0x00000450       0x20 /opt/devkitpro/libnds/lib/libnds9.a(cpu_clock.o)
 .debug_aranges
                0x00000470       0x20 /opt/devkitpro/libnds/lib/libnds9.a(interruptDispatcher.o)
 .debug_aranges
                0x00000490       0xc8 /opt/devkitpro/libnds/lib/libnds9.a(biosCalls.o)
 .debug_aranges
                0x00000558       0x20 /opt/devkitpro/libnds/lib/libnds9.a(swiSoftReset.o)
 .debug_aranges
                0x00000578       0x48 /opt/devkitpro/libnds/lib/libnds9.a(video.o)
 .debug_aranges
                0x000005c0       0x68 /opt/devkitpro/libnds/lib/libnds9.a(system.o)

.debug_pubnames
 *(.debug_pubnames)

.debug_info     0x00000000     0xc81a
 *(.debug_info)
 .debug_info    0x00000000     0x1760 main.o
 .debug_info    0x00001760      0xa9c /opt/devkitpro/libnds/lib/libnds9.a(background.o)
 .debug_info    0x000021fc      0x793 /opt/devkitpro/libnds/lib/libnds9.a(trig.o)
 .debug_info    0x0000298f      0x329 /opt/devkitpro/libnds/lib/libnds9.a(touch.o)
 .debug_info    0x00002cb8     0x1cb1 /opt/devkitpro/libnds/lib/libnds9.a(sprite_alloc.o)
 .debug_info    0x00004969     0x26ac /opt/devkitpro/libnds/lib/libnds9.a(console.o)
 .debug_info    0x00007015      0xd00 /opt/devkitpro/libnds/lib/libnds9.a(sprite.o)
 .debug_info    0x00007d15      0x43b /opt/devkitpro/libnds/lib/libnds9.a(keys.o)
 .debug_info    0x00008150     0x113e /opt/devkitpro/libnds/lib/libnds9.a(initSystem.o)
 .debug_info    0x0000928e       0x5a /opt/devkitpro/libnds/lib/libnds9.a(securearea.o)
 .debug_info    0x000092e8      0x68d /opt/devkitpro/libnds/lib/libnds9.a(interrupts.o)
 .debug_info    0x00009975      0x367 /opt/devkitpro/libnds/lib/libnds9.a(libnds_exit.arm.o)
 .debug_info    0x00009cdc     0x183f /opt/devkitpro/libnds/lib/libnds9.a(fifosystem.o)
 .debug_info    0x0000b51b       0x23 /opt/devkitpro/libnds/lib/libnds9.a(dcache.o)
 .debug_info    0x0000b53e       0x23 /opt/devkitpro/libnds/lib/libnds9.a(mpu_setup.o)
 .debug_info    0x0000b561       0x23 /opt/devkitpro/libnds/lib/libnds9.a(IntrWait.o)
 .debug_info    0x0000b584       0x24 /opt/devkitpro/libnds/lib/libnds9.a(cpu_clock.o)
 .debug_info    0x0000b5a8       0x25 /opt/devkitpro/libnds/lib/libnds9.a(interruptDispatcher.o)
 .debug_info    0x0000b5cd       0x23 /opt/devkitpro/libnds/lib/libnds9.a(biosCalls.o)
 .debug_info    0x0000b5f0       0x24 /opt/devkitpro/libnds/lib/libnds9.a(swiSoftReset.o)
 .debug_info    0x0000b614      0x790 /opt/devkitpro/libnds/lib/libnds9.a(video.o)
 .debug_info    0x0000bda4      0xa76 /opt/devkitpro/libnds/lib/libnds9.a(system.o)

.debug_abbrev   0x00000000     0x2d23
 *(.debug_abbrev)
 .debug_abbrev  0x00000000      0x3b2 main.o
 .debug_abbrev  0x000003b2      0x366 /opt/devkitpro/libnds/lib/libnds9.a(background.o)
 .debug_abbrev  0x00000718      0x26e /opt/devkitpro/libnds/lib/libnds9.a(trig.o)
 .debug_abbrev  0x00000986      0x157 /opt/devkitpro/libnds/lib/libnds9.a(touch.o)
 .debug_abbrev  0x00000add      0x3b5 /opt/devkitpro/libnds/lib/libnds9.a(sprite_alloc.o)
 .debug_abbrev  0x00000e92      0x5b3 /opt/devkitpro/libnds/lib/libnds9.a(console.o)
 .debug_abbrev  0x00001445      0x3de /opt/devkitpro/libnds/lib/libnds9.a(sprite.o)
 .debug_abbrev  0x00001823      0x1a7 /opt/devkitpro/libnds/lib/libnds9.a(keys.o)
 .debug_abbrev  0x000019ca      0x3e1 /opt/devkitpro/libnds/lib/libnds9.a(initSystem.o)
 .debug_abbrev  0x00001dab       0x47 /opt/devkitpro/libnds/lib/libnds9.a(securearea.o)
 .debug_abbrev  0x00001df2      0x2da /opt/devkitpro/libnds/lib/libnds9.a(interrupts.o)
 .debug_abbrev  0x000020cc      0x1ad /opt/devkitpro/libnds/lib/libnds9.a(libnds_exit.arm.o)
 .debug_abbrev  0x00002279      0x4bb /opt/devkitpro/libnds/lib/libnds9.a(fifosystem.o)
 .debug_abbrev  0x00002734       0x12 /opt/devkitpro/libnds/lib/libnds9.a(dcache.o)
 .debug_abbrev  0x00002746       0x12 /opt/devkitpro/libnds/lib/libnds9.a(mpu_setup.o)
 .debug_abbrev  0x00002758       0x12 /opt/devkitpro/libnds/lib/libnds9.a(IntrWait.o)
 .debug_abbrev  0x0000276a       0x14 /opt/devkitpro/libnds/lib/libnds9.a(cpu_clock.o)
 .debug_abbrev  0x0000277e       0x14 /opt/devkitpro/libnds/lib/libnds9.a(interruptDispatcher.o)
 .debug_abbrev  0x00002792       0x12 /opt/devkitpro/libnds/lib/libnds9.a(biosCalls.o)
 .debug_abbrev  0x000027a4       0x14 /opt/devkitpro/libnds/lib/libnds9.a(swiSoftReset.o)
 .debug_abbrev  0x000027b8      0x24c /opt/devkitpro/libnds/lib/libnds9.a(video.o)
 .debug_abbrev  0x00002a04      0x31f /opt/devkitpro/libnds/lib/libnds9.a(system.o)
